Component: ARM Compiler 5.06 update 7 (build 960) Tool: armlink [4d3601]

==============================================================================

Section Cross References

    startup_stm32f10x_md.o(RESET) refers to startup_stm32f10x_md.o(STACK) for __initial_sp
    startup_stm32f10x_md.o(RESET) refers to startup_stm32f10x_md.o(.text) for Reset_Handler
    startup_stm32f10x_md.o(RESET) refers to stm32f10x_it.o(i.NMI_Handler) for NMI_Handler
    startup_stm32f10x_md.o(RESET) refers to stm32f10x_it.o(i.HardFault_Handler) for HardFault_Handler
    startup_stm32f10x_md.o(RESET) refers to stm32f10x_it.o(i.MemManage_Handler) for MemManage_Handler
    startup_stm32f10x_md.o(RESET) refers to stm32f10x_it.o(i.BusFault_Handler) for BusFault_Handler
    startup_stm32f10x_md.o(RESET) refers to stm32f10x_it.o(i.UsageFault_Handler) for UsageFault_Handler
    startup_stm32f10x_md.o(RESET) refers to stm32f10x_it.o(i.SVC_Handler) for SVC_Handler
    startup_stm32f10x_md.o(RESET) refers to stm32f10x_it.o(i.DebugMon_Handler) for DebugMon_Handler
    startup_stm32f10x_md.o(RESET) refers to stm32f10x_it.o(i.PendSV_Handler) for PendSV_Handler
    startup_stm32f10x_md.o(RESET) refers to stm32f10x_it.o(i.SysTick_Handler) for SysTick_Handler
    startup_stm32f10x_md.o(RESET) refers to serial.o(i.USART1_IRQHandler) for USART1_IRQHandler
    startup_stm32f10x_md.o(.text) refers to system_stm32f10x.o(i.SystemInit) for SystemInit
    startup_stm32f10x_md.o(.text) refers to entry.o(.ARM.Collect$$$$00000000) for __main
    system_stm32f10x.o(i.SetSysClock) refers to system_stm32f10x.o(i.SetSysClockTo72) for SetSysClockTo72
    system_stm32f10x.o(i.SystemCoreClockUpdate) refers to system_stm32f10x.o(.data) for SystemCoreClock
    system_stm32f10x.o(i.SystemInit) refers to system_stm32f10x.o(i.SetSysClock) for SetSysClock
    stm32f10x_adc.o(i.ADC_DeInit) refers to stm32f10x_rcc.o(i.RCC_APB2PeriphResetCmd) for RCC_APB2PeriphResetCmd
    stm32f10x_bkp.o(i.BKP_DeInit) refers to stm32f10x_rcc.o(i.RCC_BackupResetCmd) for RCC_BackupResetCmd
    stm32f10x_can.o(i.CAN_DeInit) refers to stm32f10x_rcc.o(i.RCC_APB1PeriphResetCmd) for RCC_APB1PeriphResetCmd
    stm32f10x_can.o(i.CAN_GetITStatus) refers to stm32f10x_can.o(i.CheckITStatus) for CheckITStatus
    stm32f10x_cec.o(i.CEC_DeInit) refers to stm32f10x_rcc.o(i.RCC_APB1PeriphResetCmd) for RCC_APB1PeriphResetCmd
    stm32f10x_dac.o(i.DAC_DeInit) refers to stm32f10x_rcc.o(i.RCC_APB1PeriphResetCmd) for RCC_APB1PeriphResetCmd
    stm32f10x_flash.o(i.FLASH_EnableWriteProtection) refers to stm32f10x_flash.o(i.FLASH_WaitForLastOperation) for FLASH_WaitForLastOperation
    stm32f10x_flash.o(i.FLASH_EraseAllBank1Pages) refers to stm32f10x_flash.o(i.FLASH_WaitForLastBank1Operation) for FLASH_WaitForLastBank1Operation
    stm32f10x_flash.o(i.FLASH_EraseAllPages) refers to stm32f10x_flash.o(i.FLASH_WaitForLastOperation) for FLASH_WaitForLastOperation
    stm32f10x_flash.o(i.FLASH_EraseOptionBytes) refers to stm32f10x_flash.o(i.FLASH_GetReadOutProtectionStatus) for FLASH_GetReadOutProtectionStatus
    stm32f10x_flash.o(i.FLASH_EraseOptionBytes) refers to stm32f10x_flash.o(i.FLASH_WaitForLastOperation) for FLASH_WaitForLastOperation
    stm32f10x_flash.o(i.FLASH_ErasePage) refers to stm32f10x_flash.o(i.FLASH_WaitForLastOperation) for FLASH_WaitForLastOperation
    stm32f10x_flash.o(i.FLASH_ProgramHalfWord) refers to stm32f10x_flash.o(i.FLASH_WaitForLastOperation) for FLASH_WaitForLastOperation
    stm32f10x_flash.o(i.FLASH_ProgramOptionByteData) refers to stm32f10x_flash.o(i.FLASH_WaitForLastOperation) for FLASH_WaitForLastOperation
    stm32f10x_flash.o(i.FLASH_ProgramWord) refers to stm32f10x_flash.o(i.FLASH_WaitForLastOperation) for FLASH_WaitForLastOperation
    stm32f10x_flash.o(i.FLASH_ReadOutProtection) refers to stm32f10x_flash.o(i.FLASH_WaitForLastOperation) for FLASH_WaitForLastOperation
    stm32f10x_flash.o(i.FLASH_UserOptionByteConfig) refers to stm32f10x_flash.o(i.FLASH_WaitForLastOperation) for FLASH_WaitForLastOperation
    stm32f10x_flash.o(i.FLASH_WaitForLastBank1Operation) refers to stm32f10x_flash.o(i.FLASH_GetBank1Status) for FLASH_GetBank1Status
    stm32f10x_flash.o(i.FLASH_WaitForLastOperation) refers to stm32f10x_flash.o(i.FLASH_GetBank1Status) for FLASH_GetBank1Status
    stm32f10x_gpio.o(i.GPIO_AFIODeInit) refers to stm32f10x_rcc.o(i.RCC_APB2PeriphResetCmd) for RCC_APB2PeriphResetCmd
    stm32f10x_gpio.o(i.GPIO_DeInit) refers to stm32f10x_rcc.o(i.RCC_APB2PeriphResetCmd) for RCC_APB2PeriphResetCmd
    stm32f10x_i2c.o(i.I2C_DeInit) refers to stm32f10x_rcc.o(i.RCC_APB1PeriphResetCmd) for RCC_APB1PeriphResetCmd
    stm32f10x_i2c.o(i.I2C_Init) refers to stm32f10x_rcc.o(i.RCC_GetClocksFreq) for RCC_GetClocksFreq
    stm32f10x_pwr.o(i.PWR_DeInit) refers to stm32f10x_rcc.o(i.RCC_APB1PeriphResetCmd) for RCC_APB1PeriphResetCmd
    stm32f10x_rcc.o(i.RCC_GetClocksFreq) refers to stm32f10x_rcc.o(.data) for APBAHBPrescTable
[...]
    Removing stm32f10x_rcc.o(i.RCC_APB1PeriphClockCmd), (32 bytes).
    Removing stm32f10x_rcc.o(i.RCC_APB1PeriphResetCmd), (32 bytes).
    Removing stm32f10x_rcc.o(i.RCC_APB2PeriphResetCmd), (32 bytes).
    Removing stm32f10x_rcc.o(i.RCC_AdjustHSICalibrationValue), (24 bytes).
    Removing stm32f10x_rcc.o(i.RCC_BackupResetCmd), (12 bytes).
    Removing stm32f10x_rcc.o(i.RCC_ClearFlag), (20 bytes).
    Removing stm32f10x_rcc.o(i.RCC_ClearITPendingBit), (12 bytes).
    Removing stm32f10x_rcc.o(i.RCC_ClockSecuritySystemCmd), (12 bytes).
    Removing stm32f10x_rcc.o(i.RCC_DeInit), (76 bytes).
    Removing stm32f10x_rcc.o(i.RCC_GetFlagStatus), (60 bytes).
    Removing stm32f10x_rcc.o(i.RCC_GetITStatus), (24 bytes).
    Removing stm32f10x_rcc.o(i.RCC_GetSYSCLKSource), (16 bytes).
    Removing stm32f10x_rcc.o(i.RCC_HCLKConfig), (24 bytes).
    Removing stm32f10x_rcc.o(i.RCC_HSEConfig), (76 bytes).
    Removing stm32f10x_rcc.o(i.RCC_HSICmd), (12 bytes).
    Removing stm32f10x_rcc.o(i.RCC_ITConfig), (32 bytes).
    Removing stm32f10x_rcc.o(i.RCC_LSEConfig), (52 bytes).
    Removing stm32f10x_rcc.o(i.RCC_LSICmd), (12 bytes).
    Removing stm32f10x_rcc.o(i.RCC_MCOConfig), (12 bytes).
    Removing stm32f10x_rcc.o(i.RCC_PCLK1Config), (24 bytes).
    Removing stm32f10x_rcc.o(i.RCC_PCLK2Config), (24 bytes).
    Removing stm32f10x_rcc.o(i.RCC_PLLCmd), (12 bytes).
    Removing stm32f10x_rcc.o(i.RCC_PLLConfig), (28 bytes).
    Removing stm32f10x_rcc.o(i.RCC_RTCCLKCmd), (12 bytes).
    Removing stm32f10x_rcc.o(i.RCC_RTCCLKConfig), (16 bytes).
    Removing stm32f10x_rcc.o(i.RCC_SYSCLKConfig), (24 bytes).
    Removing stm32f10x_rcc.o(i.RCC_USBCLKConfig), (12 bytes).
    Removing stm32f10x_rcc.o(i.RCC_WaitForHSEStartUp), (56 bytes).
    Removing stm32f10x_rtc.o(i.RTC_ClearFlag), (16 bytes).
    Removing stm32f10x_rtc.o(i.RTC_ClearITPendingBit), (16 bytes).
    Removing stm32f10x_rtc.o(i.RTC_EnterConfigMode), (20 bytes).
    Removing stm32f10x_rtc.o(i.RTC_ExitConfigMode), (20 bytes).
    Removing stm32f10x_rtc.o(i.RTC_GetCounter), (20 bytes).
    Removing stm32f10x_rtc.o(i.RTC_GetDivider), (24 bytes).
    Removing stm32f10x_rtc.o(i.RTC_GetFlagStatus), (24 bytes).
    Removing stm32f10x_rtc.o(i.RTC_GetITStatus), (36 bytes).
    Removing stm32f10x_rtc.o(i.RTC_ITConfig), (32 bytes).
    Removing stm32f10x_rtc.o(i.RTC_SetAlarm), (28 bytes).
    Removing stm32f10x_rtc.o(i.RTC_SetCounter), (28 bytes).
    Removing stm32f10x_rtc.o(i.RTC_SetPrescaler), (32 bytes).
    Removing stm32f10x_rtc.o(i.RTC_WaitForLastTask), (20 bytes).
    Removing stm32f10x_rtc.o(i.RTC_WaitForSynchro), (36 bytes).
    Removing stm32f10x_sdio.o(i.SDIO_CEATAITCmd), (16 bytes).
    Removing stm32f10x_sdio.o(i.SDIO_ClearFlag), (12 bytes).
    Removing stm32f10x_sdio.o(i.SDIO_ClearITPendingBit), (12 bytes).
    Removing stm32f10x_sdio.o(i.SDIO_ClockCmd), (12 bytes).
    Removing stm32f10x_sdio.o(i.SDIO_CmdStructInit), (14 bytes).
    Removing stm32f10x_sdio.o(i.SDIO_CommandCompletionCmd), (12 bytes).
    Removing stm32f10x_sdio.o(i.SDIO_DMACmd), (12 bytes).
    Removing stm32f10x_sdio.o(i.SDIO_DataConfig), (48 bytes).
    Removing stm32f10x_sdio.o(i.SDIO_DataStructInit), (20 bytes).
    Removing stm32f10x_sdio.o(i.SDIO_DeInit), (36 bytes).
    Removing stm32f10x_sdio.o(i.SDIO_GetCommandResponse), (12 bytes).
    Removing stm32f10x_sdio.o(i.SDIO_GetDataCounter), (12 bytes).
    Removing stm32f10x_sdio.o(i.SDIO_GetFIFOCount), (12 bytes).
    Removing stm32f10x_sdio.o(i.SDIO_GetFlagStatus), (24 bytes).
    Removing stm32f10x_sdio.o(i.SDIO_GetITStatus), (24 bytes).
    Removing stm32f10x_sdio.o(i.SDIO_GetPowerState), (16 bytes).
    Removing stm32f10x_sdio.o(i.SDIO_GetResponse), (24 bytes).
    Removing stm32f10x_sdio.o(i.SDIO_ITConfig), (32 bytes).
    Removing stm32f10x_sdio.o(i.SDIO_Init), (48 bytes).
    Removing stm32f10x_sdio.o(i.SDIO_ReadData), (12 bytes).
    Removing stm32f10x_sdio.o(i.SDIO_SendCEATACmd), (12 bytes).
    Removing stm32f10x_sdio.o(i.SDIO_SendCommand), (44 bytes).
    Removing stm32f10x_sdio.o(i.SDIO_SendSDIOSuspendCmd), (12 bytes).
    Removing stm32f10x_sdio.o(i.SDIO_SetPowerState), (28 bytes).
    Removing stm32f10x_sdio.o(i.SDIO_SetSDIOOperation), (12 bytes).
    Removing stm32f10x_sdio.o(i.SDIO_SetSDIOReadWaitMode), (12 bytes).
    Removing stm32f10x_sdio.o(i.SDIO_StartSDIOReadWait), (12 bytes).
    Removing stm32f10x_sdio.o(i.SDIO_StopSDIOReadWait), (12 bytes).
    Removing stm32f10x_sdio.o(i.SDIO_StructInit), (16 bytes).
    Removing stm32f10x_sdio.o(i.SDIO_WriteData), (12 bytes).
    Removing stm32f10x_spi.o(i.I2S_Cmd), (24 bytes).
    Removing stm32f10x_spi.o(i.I2S_Init), (232 bytes).
    Removing stm32f10x_spi.o(i.I2S_StructInit), (20 bytes).
    Removing stm32f10x_spi.o(i.SPI_BiDirectionalLineConfig), (28 bytes).
    Removing stm32f10x_spi.o(i.SPI_CalculateCRC), (24 bytes).
    Removing stm32f10x_spi.o(i.SPI_DataSizeConfig), (18 bytes).
    Removing stm32f10x_spi.o(i.SPI_GetCRC), (16 bytes).
    Removing stm32f10x_spi.o(i.SPI_GetCRCPolynomial), (6 bytes).
    Removing stm32f10x_spi.o(i.SPI_I2S_ClearFlag), (6 bytes).
    Removing stm32f10x_spi.o(i.SPI_I2S_ClearITPendingBit), (20 bytes).
    Removing stm32f10x_spi.o(i.SPI_I2S_DMACmd), (18 bytes).
    Removing stm32f10x_spi.o(i.SPI_I2S_DeInit), (88 bytes).
    Removing stm32f10x_spi.o(i.SPI_I2S_GetITStatus), (52 bytes).
    Removing stm32f10x_spi.o(i.SPI_I2S_ITConfig), (32 bytes).
    Removing stm32f10x_spi.o(i.SPI_NSSInternalSoftwareConfig), (30 bytes).
    Removing stm32f10x_spi.o(i.SPI_SSOutputCmd), (24 bytes).
    Removing stm32f10x_spi.o(i.SPI_StructInit), (24 bytes).
    Removing stm32f10x_spi.o(i.SPI_TransmitCRC), (10 bytes).
    Removing stm32f10x_tim.o(i.TI1_Config), (128 bytes).
    Removing stm32f10x_tim.o(i.TI2_Config), (152 bytes).
    Removing stm32f10x_tim.o(i.TI3_Config), (144 bytes).
    Removing stm32f10x_tim.o(i.TI4_Config), (152 bytes).
    Removing stm32f10x_tim.o(i.TIM_ARRPreloadConfig), (24 bytes).
    Removing stm32f10x_tim.o(i.TIM_BDTRConfig), (32 bytes).
    Removing stm32f10x_tim.o(i.TIM_BDTRStructInit), (18 bytes).
    Removing stm32f10x_tim.o(i.TIM_CCPreloadControl), (24 bytes).
    Removing stm32f10x_tim.o(i.TIM_CCxCmd), (30 bytes).
    Removing stm32f10x_tim.o(i.TIM_CCxNCmd), (30 bytes).
    Removing stm32f10x_tim.o(i.TIM_ClearFlag), (6 bytes).
    Removing stm32f10x_tim.o(i.TIM_ClearITPendingBit), (6 bytes).
    Removing stm32f10x_tim.o(i.TIM_ClearOC1Ref), (18 bytes).
    Removing stm32f10x_tim.o(i.TIM_ClearOC2Ref), (24 bytes).
    Removing stm32f10x_tim.o(i.TIM_ClearOC3Ref), (18 bytes).
    Removing stm32f10x_tim.o(i.TIM_ClearOC4Ref), (24 bytes).
    Removing stm32f10x_tim.o(i.TIM_Cmd), (24 bytes).
    Removing stm32f10x_tim.o(i.TIM_CounterModeConfig), (18 bytes).
    Removing stm32f10x_tim.o(i.TIM_CtrlPWMOutputs), (30 bytes).
    Removing stm32f10x_tim.o(i.TIM_DMACmd), (18 bytes).
    Removing stm32f10x_tim.o(i.TIM_DMAConfig), (10 bytes).
    Removing stm32f10x_tim.o(i.TIM_DeInit), (488 bytes).
    Removing stm32f10x_tim.o(i.TIM_ETRClockMode1Config), (54 bytes).
    Removing stm32f10x_tim.o(i.TIM_ETRClockMode2Config), (32 bytes).
    Removing stm32f10x_tim.o(i.TIM_ETRConfig), (28 bytes).
    Removing stm32f10x_tim.o(i.TIM_EncoderInterfaceConfig), (66 bytes).
    Removing stm32f10x_tim.o(i.TIM_ForcedOC1Config), (18 bytes).
    Removing stm32f10x_tim.o(i.TIM_ForcedOC2Config), (26 bytes).
    Removing stm32f10x_tim.o(i.TIM_ForcedOC3Config), (18 bytes).
    Removing stm32f10x_tim.o(i.TIM_ForcedOC4Config), (26 bytes).
    Removing stm32f10x_tim.o(i.TIM_GenerateEvent), (4 bytes).
    Removing stm32f10x_tim.o(i.TIM_GetCapture1), (6 bytes).
    Removing stm32f10x_tim.o(i.TIM_GetCapture2), (6 bytes).
    Removing stm32f10x_tim.o(i.TIM_GetCapture3), (6 bytes).
    Removing stm32f10x_tim.o(i.TIM_GetCapture4), (8 bytes).
    Removing stm32f10x_tim.o(i.TIM_GetCounter), (6 bytes).
    Removing stm32f10x_tim.o(i.TIM_GetFlagStatus), (18 bytes).
    Removing stm32f10x_tim.o(i.TIM_GetITStatus), (34 bytes).
    Removing stm32f10x_tim.o(i.TIM_GetPrescaler), (6 bytes).
    Removing stm32f10x_tim.o(i.TIM_ICInit), (172 bytes).
    Removing stm32f10x_tim.o(i.TIM_ICStructInit), (18 bytes).
    Removing stm32f10x_tim.o(i.TIM_ITConfig), (18 bytes).
    Removing stm32f10x_tim.o(i.TIM_ITRxExternalClockConfig), (24 bytes).
    Removing stm32f10x_tim.o(i.TIM_InternalClockConfig), (12 bytes).
    Removing stm32f10x_tim.o(i.TIM_OC1FastConfig), (18 bytes).
    Removing stm32f10x_tim.o(i.TIM_OC1Init), (152 bytes).
    Removing stm32f10x_tim.o(i.TIM_OC1NPolarityConfig), (18 bytes).
    Removing stm32f10x_tim.o(i.TIM_OC1PolarityConfig), (18 bytes).
    Removing stm32f10x_tim.o(i.TIM_OC1PreloadConfig), (18 bytes).
    Removing stm32f10x_tim.o(i.TIM_OC2FastConfig), (26 bytes).
    Removing stm32f10x_tim.o(i.TIM_OC2Init), (164 bytes).
    Removing stm32f10x_tim.o(i.TIM_OC2NPolarityConfig), (26 bytes).
    Removing stm32f10x_tim.o(i.TIM_OC2PolarityConfig), (26 bytes).
    Removing stm32f10x_tim.o(i.TIM_OC2PreloadConfig), (26 bytes).
    Removing stm32f10x_tim.o(i.TIM_OC3FastConfig), (18 bytes).
    Removing stm32f10x_tim.o(i.TIM_OC3Init), (160 bytes).
    Removing stm32f10x_tim.o(i.TIM_OC3NPolarityConfig), (26 bytes).
    Removing stm32f10x_tim.o(i.TIM_OC3PolarityConfig), (26 bytes).
    Removing stm32f10x_tim.o(i.TIM_OC3PreloadConfig), (18 bytes).
    Removing stm32f10x_tim.o(i.TIM_OC4FastConfig), (26 bytes).
    Removing stm32f10x_tim.o(i.TIM_OC4Init), (124 bytes).
    Removing stm32f10x_tim.o(i.TIM_OC4PolarityConfig), (26 bytes).
    Removing stm32f10x_tim.o(i.TIM_OC4PreloadConfig), (26 bytes).
    Removing stm32f10x_tim.o(i.TIM_OCStructInit), (20 bytes).
    Removing stm32f10x_tim.o(i.TIM_PWMIConfig), (124 bytes).
    Removing stm32f10x_tim.o(i.TIM_PrescalerConfig), (6 bytes).
    Removing stm32f10x_tim.o(i.TIM_SelectCCDMA), (24 bytes).
    Removing stm32f10x_tim.o(i.TIM_SelectCOM), (24 bytes).
    Removing stm32f10x_tim.o(i.TIM_SelectHallSensor), (24 bytes).
    Removing stm32f10x_tim.o(i.TIM_SelectInputTrigger), (18 bytes).
    Removing stm32f10x_tim.o(i.TIM_SelectMasterSlaveMode), (18 bytes).
    Removing stm32f10x_tim.o(i.TIM_SelectOCxM), (82 bytes).
    Removing stm32f10x_tim.o(i.TIM_SelectOnePulseMode), (18 bytes).
    Removing stm32f10x_tim.o(i.TIM_SelectOutputTrigger), (18 bytes).
    Removing stm32f10x_tim.o(i.TIM_SelectSlaveMode), (18 bytes).
    Removing stm32f10x_tim.o(i.TIM_SetAutoreload), (4 bytes).
    Removing stm32f10x_tim.o(i.TIM_SetClockDivision), (18 bytes).
    Removing stm32f10x_tim.o(i.TIM_SetCompare1), (4 bytes).
    Removing stm32f10x_tim.o(i.TIM_SetCompare2), (4 bytes).
    Removing stm32f10x_tim.o(i.TIM_SetCompare3), (4 bytes).
    Removing stm32f10x_tim.o(i.TIM_SetCompare4), (6 bytes).
    Removing stm32f10x_tim.o(i.TIM_SetCounter), (4 bytes).
    Removing stm32f10x_tim.o(i.TIM_SetIC1Prescaler), (18 bytes).
    Removing stm32f10x_tim.o(i.TIM_SetIC2Prescaler), (26 bytes).
    Removing stm32f10x_tim.o(i.TIM_SetIC3Prescaler), (18 bytes).
    Removing stm32f10x_tim.o(i.TIM_SetIC4Prescaler), (26 bytes).
    Removing stm32f10x_tim.o(i.TIM_TIxExternalClockConfig), (62 bytes).
    Removing stm32f10x_tim.o(i.TIM_TimeBaseInit), (164 bytes).
    Removing stm32f10x_tim.o(i.TIM_TimeBaseStructInit), (18 bytes).
    Removing stm32f10x_tim.o(i.TIM_UpdateDisableConfig), (24 bytes).
    Removing stm32f10x_tim.o(i.TIM_UpdateRequestConfig), (24 bytes).
    Removing stm32f10x_usart.o(i.USART_ClearFlag), (18 bytes).
    Removing stm32f10x_usart.o(i.USART_ClockInit), (34 bytes).
    Removing stm32f10x_usart.o(i.USART_ClockStructInit), (12 bytes).
    Removing stm32f10x_usart.o(i.USART_DMACmd), (18 bytes).
    Removing stm32f10x_usart.o(i.USART_DeInit), (156 bytes).
    Removing stm32f10x_usart.o(i.USART_HalfDuplexCmd), (24 bytes).
    Removing stm32f10x_usart.o(i.USART_IrDACmd), (24 bytes).
    Removing stm32f10x_usart.o(i.USART_IrDAConfig), (18 bytes).
    Removing stm32f10x_usart.o(i.USART_LINBreakDetectLengthConfig), (18 bytes).
    Removing stm32f10x_usart.o(i.USART_LINCmd), (24 bytes).
    Removing stm32f10x_usart.o(i.USART_OneBitMethodCmd), (24 bytes).
    Removing stm32f10x_usart.o(i.USART_OverSampling8Cmd), (22 bytes).
    Removing stm32f10x_usart.o(i.USART_ReceiverWakeUpCmd), (24 bytes).
    Removing stm32f10x_usart.o(i.USART_SendBreak), (10 bytes).
    Removing stm32f10x_usart.o(i.USART_SetAddress), (18 bytes).
    Removing stm32f10x_usart.o(i.USART_SetGuardTime), (16 bytes).
    Removing stm32f10x_usart.o(i.USART_SetPrescaler), (16 bytes).
    Removing stm32f10x_usart.o(i.USART_SmartCardCmd), (24 bytes).
    Removing stm32f10x_usart.o(i.USART_SmartCardNACKCmd), (24 bytes).
    Removing stm32f10x_usart.o(i.USART_StructInit), (24 bytes).
    Removing stm32f10x_usart.o(i.USART_WakeUpConfig), (18 bytes).
    Removing stm32f10x_wwdg.o(i.WWDG_ClearFlag), (12 bytes).
    Removing stm32f10x_wwdg.o(i.WWDG_DeInit), (22 bytes).
    Removing stm32f10x_wwdg.o(i.WWDG_Enable), (16 bytes).
    Removing stm32f10x_wwdg.o(i.WWDG_EnableIT), (12 bytes).
    Removing stm32f10x_wwdg.o(i.WWDG_GetFlagStatus), (12 bytes).
    Removing stm32f10x_wwdg.o(i.WWDG_SetCounter), (16 bytes).
    Removing stm32f10x_wwdg.o(i.WWDG_SetPrescaler), (24 bytes).
    Removing stm32f10x_wwdg.o(i.WWDG_SetWindowValue), (40 bytes).
    Removing delay.o(i.Delay_s), (24 bytes).
    Removing malloc.o(i.mymemcpy), (26 bytes).
    Removing malloc.o(i.myrealloc), (56 bytes).
    Removing malloc.o(.constdata), (12 bytes).
    Removing led.o(i.LED1_OFF), (20 bytes).
    Removing led.o(i.LED1_ON), (20 bytes).
    Removing oled.o(i.OLED_Pow), (20 bytes).
    Removing oled.o(i.OLED_ShowBinNum), (62 bytes).
    Removing oled.o(i.OLED_ShowHexNum), (84 bytes).
    Removing oled.o(i.OLED_ShowNum), (68 bytes).
    Removing oled.o(i.OLED_ShowSignedNum), (102 bytes).
    Removing serial.o(i.Serial_GetRxFlag), (28 bytes).
    Removing serial.o(i.Serial_Pow), (20 bytes).
    Removing serial.o(i.Serial_SendArray), (26 bytes).
    Removing serial.o(i.Serial_SendNumber), (58 bytes).
    Removing serial.o(i.Serial_SendPacket), (28 bytes).
    Removing serial.o(i.fputc), (16 bytes).
    Removing sd.o(i.SD_GetCID), (42 bytes).
    Removing sys.o(.emb_text), (6 bytes).
    Removing sys.o(i.INTX_DISABLE), (4 bytes).
    Removing sys.o(i.INTX_ENABLE), (4 bytes).
    Removing sys.o(i.WFI_SET), (4 bytes).
    Removing flash.o(i.SPI_FLASH_Write_Disable), (32 bytes).
    Removing flash.o(i.SPI_FLASH_Write_Enable), (32 bytes).
    Removing flash.o(i.SPI_FLASH_Write_SR), (40 bytes).
    Removing flash.o(i.SPI_Flash_Erase_Chip), (44 bytes).
    Removing flash.o(i.SPI_Flash_Erase_Sector), (72 bytes).
    Removing flash.o(i.SPI_Flash_Init), (72 bytes).
    Removing flash.o(i.SPI_Flash_PowerDown), (40 bytes).
    Removing flash.o(i.SPI_Flash_Read), (80 bytes).
    Removing flash.o(i.SPI_Flash_ReadID), (72 bytes).
    Removing flash.o(i.SPI_Flash_ReadSR), (44 bytes).
    Removing flash.o(i.SPI_Flash_WAKEUP), (40 bytes).
    Removing flash.o(i.SPI_Flash_Wait_Busy), (18 bytes).
    Removing flash.o(i.SPI_Flash_Write), (180 bytes).
    Removing flash.o(i.SPI_Flash_Write_NoCheck), (70 bytes).
    Removing flash.o(i.SPI_Flash_Write_Page), (84 bytes).
    Removing flash.o(.bss), (4096 bytes).
    Removing flash.o(.data), (2 bytes).
    Removing exfuns.o(i.char_upper), (26 bytes).
    Removing exfuns.o(i.exf_getfree), (74 bytes).
    Removing exfuns.o(i.exfuns_init), (116 bytes).
    Removing exfuns.o(i.f_typetell), (192 bytes).
    Removing exfuns.o(.bss), (68 bytes).
    Removing exfuns.o(.conststring), (100 bytes).
    Removing exfuns.o(.data), (340 bytes).
    Removing fattester.o(i.mf_close), (20 bytes).
    Removing fattester.o(i.mf_closedir), (16 bytes).
    Removing fattester.o(i.mf_fmkfs), (20 bytes).
    Removing fattester.o(i.mf_getlabel), (132 bytes).
    Removing fattester.o(i.mf_gets), (76 bytes).
    Removing fattester.o(i.mf_lseek), (20 bytes).
    Removing fattester.o(i.mf_mkdir), (12 bytes).
    Removing fattester.o(i.mf_mount), (24 bytes).
    Removing fattester.o(i.mf_open), (28 bytes).
    Removing fattester.o(i.mf_opendir), (20 bytes).
    Removing fattester.o(i.mf_putc), (24 bytes).
    Removing fattester.o(i.mf_puts), (24 bytes).
    Removing fattester.o(i.mf_read), (344 bytes).
    Removing fattester.o(i.mf_readdir), (396 bytes).
    Removing fattester.o(i.mf_rename), (16 bytes).
    Removing fattester.o(i.mf_scan_files), (140 bytes).
    Removing fattester.o(i.mf_setlabel), (92 bytes).
    Removing fattester.o(i.mf_showfree), (168 bytes).
    Removing fattester.o(i.mf_size), (12 bytes).
    Removing fattester.o(i.mf_tell), (12 bytes).
    Removing fattester.o(i.mf_unlink), (12 bytes).
    Removing fattester.o(i.mf_write), (184 bytes).
    Removing diskio.o(i.disk_initialize), (96 bytes).
    Removing diskio.o(i.disk_ioctl), (164 bytes).
    Removing diskio.o(i.disk_read), (118 bytes).
    Removing diskio.o(i.disk_status), (6 bytes).
    Removing diskio.o(i.disk_write), (98 bytes).
    Removing diskio.o(i.ff_memalloc), (12 bytes).
    Removing diskio.o(i.ff_memfree), (12 bytes).
    Removing diskio.o(i.get_fattime), (4 bytes).
    Removing diskio.o(.data), (2 bytes).
    Removing ff.o(i.check_fs), (144 bytes).
    Removing ff.o(i.chk_chr), (20 bytes).
    Removing ff.o(i.clmt_clust), (50 bytes).
    Removing ff.o(i.clust2sect), (26 bytes).
    Removing ff.o(i.cmp_lfn), (144 bytes).
    Removing ff.o(i.create_chain), (214 bytes).
    Removing ff.o(i.create_name), (624 bytes).
    Removing ff.o(i.dir_alloc), (92 bytes).
    Removing ff.o(i.dir_find), (222 bytes).
    Removing ff.o(i.dir_next), (272 bytes).
    Removing ff.o(i.dir_read), (196 bytes).
    Removing ff.o(i.dir_register), (298 bytes).
    Removing ff.o(i.dir_remove), (106 bytes).
    Removing ff.o(i.dir_sdi), (158 bytes).
    Removing ff.o(i.f_chmod), (112 bytes).
    Removing ff.o(i.f_close), (32 bytes).
    Removing ff.o(i.f_closedir), (22 bytes).
    Removing ff.o(i.f_getfree), (258 bytes).
    Removing ff.o(i.f_getlabel), (190 bytes).
    Removing ff.o(i.f_gets), (82 bytes).
    Removing ff.o(i.f_lseek), (654 bytes).
    Removing ff.o(i.f_mkdir), (380 bytes).
    Removing ff.o(i.f_mkfs), (1600 bytes).
    Removing ff.o(i.f_mount), (92 bytes).
    Removing ff.o(i.f_open), (384 bytes).
    Removing ff.o(i.f_opendir), (136 bytes).
    Removing ff.o(i.f_printf), (628 bytes).
    Removing ff.o(i.f_putc), (64 bytes).
    Removing ff.o(i.f_puts), (74 bytes).
    Removing ff.o(i.f_read), (432 bytes).
    Removing ff.o(i.f_readdir), (114 bytes).
    Removing ff.o(i.f_rename), (314 bytes).
    Removing ff.o(i.f_setlabel), (488 bytes).
    Removing ff.o(i.f_stat), (84 bytes).
    Removing ff.o(i.f_sync), (176 bytes).
    Removing ff.o(i.f_truncate), (184 bytes).
    Removing ff.o(i.f_unlink), (194 bytes).
    Removing ff.o(i.f_utime), (110 bytes).
    Removing ff.o(i.f_write), (498 bytes).
    Removing ff.o(i.find_volume), (904 bytes).
    Removing ff.o(i.fit_lfn), (128 bytes).
    Removing ff.o(i.follow_path), (144 bytes).
    Removing ff.o(i.gen_numname), (200 bytes).
    Removing ff.o(i.get_fat), (232 bytes).
    Removing ff.o(i.get_fileinfo), (268 bytes).
    Removing ff.o(i.get_ldnumber), (74 bytes).
    Removing ff.o(i.ld_clust), (32 bytes).
    Removing ff.o(i.mem_cmp), (38 bytes).
    Removing ff.o(i.mem_cpy), (26 bytes).
    Removing ff.o(i.mem_set), (20 bytes).
    Removing ff.o(i.move_window), (50 bytes).
    Removing ff.o(i.pick_lfn), (116 bytes).
    Removing ff.o(i.put_fat), (310 bytes).
    Removing ff.o(i.putc_bfd), (68 bytes).
    Removing ff.o(i.remove_chain), (108 bytes).
    Removing ff.o(i.st_clust), (16 bytes).
    Removing ff.o(i.sum_sfn), (32 bytes).
    Removing ff.o(i.sync_fs), (200 bytes).
    Removing ff.o(i.sync_window), (76 bytes).
    Removing ff.o(i.validate), (54 bytes).
    Removing ff.o(.constdata), (58 bytes).
    Removing ff.o(.data), (10 bytes).
    Removing cc936.o(i.ff_convert), (124 bytes).
    Removing cc936.o(i.ff_wtoupper), (56 bytes).
    Removing cc936.o(.constdata), (175304 bytes).

582 unused section(s) (total 215566 bytes) removed from the image.

==============================================================================

Image Symbol Table

    Local Symbols

    Symbol Name                              Value     Ov Type        Size  Object(Section)

    ../clib/microlib/division.c              0x00000000   Number         0  uldiv.o ABSOLUTE
    ../clib/microlib/division.c              0x00000000   Number         0  uidiv.o ABSOLUTE
    ../clib/microlib/init/entry.s            0x00000000   Number         0  entry12b.o ABSOLUTE
    ../clib/microlib/init/entry.s            0x00000000   Number         0  entry9a.o ABSOLUTE
    ../clib/microlib/init/entry.s            0x00000000   Number         0  entry11a.o ABSOLUTE
    ../clib/microlib/init/entry.s            0x00000000   Number         0  entry8b.o ABSOLUTE
    ../clib/microlib/init/entry.s            0x00000000   Number         0  entry10b.o ABSOLUTE
    ../clib/microlib/init/entry.s            0x00000000   Number         0  entry9b.o ABSOLUTE
    ../clib/microlib/init/entry.s            0x00000000   Number         0  entry8a.o ABSOLUTE
    ../clib/microlib/init/entry.s            0x00000000   Number         0  entry10a.o ABSOLUTE
    ../clib/microlib/init/entry.s            0x00000000   Number         0  entry7b.o ABSOLUTE
    ../clib/microlib/init/entry.s            0x00000000   Number         0  entry7a.o ABSOLUTE
    ../clib/microlib/init/entry.s            0x00000000   Number         0  entry.o ABSOLUTE
    ../clib/microlib/init/entry.s            0x00000000   Number         0  entry5.o ABSOLUTE
    ../clib/microlib/init/entry.s            0x00000000   Number         0  entry12a.o ABSOLUTE
    ../clib/microlib/init/entry.s            0x00000000   Number         0  entry2.o ABSOLUTE
    ../clib/microlib/init/entry.s            0x00000000   Number         0  entry11b.o ABSOLUTE
    ../clib/microlib/longlong.c              0x00000000   Number         0  llshl.o ABSOLUTE
    ../clib/microlib/longlong.c              0x00000000   Number         0  llushr.o ABSOLUTE
    ../clib/microlib/longlong.c              0x00000000   Number         0  llsshr.o ABSOLUTE
    ../clib/microlib/printf/printf.c         0x00000000   Number         0  printf3.o ABSOLUTE
    ../clib/microlib/printf/printf.c         0x00000000   Number         0  printfb.o ABSOLUTE
    ../clib/microlib/printf/printf.c         0x00000000   Number         0  printf7.o ABSOLUTE
    ../clib/microlib/printf/printf.c         0x00000000   Number         0  printf2.o ABSOLUTE
    ../clib/microlib/printf/printf.c         0x00000000   Number         0  printf4.o ABSOLUTE
    ../clib/microlib/printf/printf.c         0x00000000   Number         0  printf5.o ABSOLUTE
    ../clib/microlib/printf/printf.c         0x00000000   Number         0  printf6.o ABSOLUTE
    ../clib/microlib/printf/printf.c         0x00000000   Number         0  printf1.o ABSOLUTE
    ../clib/microlib/printf/printf.c         0x00000000   Number         0  printfa.o ABSOLUTE
    ../clib/microlib/printf/printf.c         0x00000000   Number         0  printf8.o ABSOLUTE
    ../clib/microlib/printf/printf.c         0x00000000   Number         0  printf0.o ABSOLUTE
    ../clib/microlib/printf/stubs.s          0x00000000   Number         0  stubs.o ABSOLUTE
    ../clib/microlib/stdio/streams.c         0x00000000   Number         0  stdout.o ABSOLUTE
    ../clib/microlib/string/strcmp.c         0x00000000   Number         0  strcmp.o ABSOLUTE
    ../clib/microlib/string/strcpy.c         0x00000000   Number         0  strcpy.o ABSOLUTE
    ../clib/microlib/stubs.s                 0x00000000   Number         0  iusefp.o ABSOLUTE
    ../fplib/microlib/d2f.c                  0x00000000   Number         0  d2f.o ABSOLUTE
    ../fplib/microlib/f2d.c                  0x00000000   Number         0  f2d.o ABSOLUTE
    ../fplib/microlib/fpadd.c                0x00000000   Number         0  dadd.o ABSOLUTE
    ../fplib/microlib/fpdiv.c                0x00000000   Number         0  ddiv.o ABSOLUTE
    ../fplib/microlib/fpdiv.c                0x00000000   Number         0  fdiv.o ABSOLUTE
    ../fplib/microlib/fpepilogue.c           0x00000000   Number         0  depilogue.o ABSOLUTE
    ../fplib/microlib/fpepilogue.c           0x00000000   Number         0  fepilogue.o ABSOLUTE
    ../fplib/microlib/fpfix.c                0x00000000   Number         0  dfixul.o ABSOLUTE
    ../fplib/microlib/fpflt.c                0x00000000   Number         0  ffltui.o ABSOLUTE
    ../fplib/microlib/fpmul.c                0x00000000   Number         0  dmul.o ABSOLUTE
    FATFS\exfuns\exfuns.c                    0x00000000   Number         0  exfuns.o ABSOLUTE
    FATFS\exfuns\fattester.c                 0x00000000   Number         0  fattester.o ABSOLUTE
    FATFS\src\diskio.c                       0x00000000   Number         0  diskio.o ABSOLUTE
    FATFS\src\ff.c                           0x00000000   Number         0  ff.o ABSOLUTE
    FATFS\src\option\cc936.c                 0x00000000   Number         0  cc936.o ABSOLUTE
    Hardware\AD.c                            0x00000000   Number         0  ad.o ABSOLUTE
    Hardware\Key.c                           0x00000000   Number         0  key.o ABSOLUTE
    Hardware\LED.c                           0x00000000   Number         0  led.o ABSOLUTE
    Hardware\OLED.c                          0x00000000   Number         0  oled.o ABSOLUTE
    Hardware\SD.c                            0x00000000   Number         0  sd.o ABSOLUTE
    Hardware\SPI.c                           0x00000000   Number         0  spi.o ABSOLUTE
    Hardware\Serial.c                        0x00000000   Number         0  serial.o ABSOLUTE
    Hardware\\sys.c                          0x00000000   Number         0  sys.o ABSOLUTE
    Hardware\flash.c                         0x00000000   Number         0  flash.o ABSOLUTE
    Hardware\sys.c                           0x00000000   Number         0  sys.o ABSOLUTE
    Library\misc.c                           0x00000000   Number         0  misc.o ABSOLUTE
    Library\stm32f10x_adc.c                  0x00000000   Number         0  stm32f10x_adc.o ABSOLUTE
    Library\stm32f10x_bkp.c                  0x00000000   Number         0  stm32f10x_bkp.o ABSOLUTE
    Library\stm32f10x_can.c                  0x00000000   Number         0  stm32f10x_can.o ABSOLUTE
    Library\stm32f10x_cec.c                  0x00000000   Number         0  stm32f10x_cec.o ABSOLUTE
    Library\stm32f10x_crc.c                  0x00000000   Number         0  stm32f10x_crc.o ABSOLUTE
    Library\stm32f10x_dac.c                  0x00000000   Number         0  stm32f10x_dac.o ABSOLUTE
    Library\stm32f10x_dbgmcu.c               0x00000000   Number         0  stm32f10x_dbgmcu.o ABSOLUTE
    Library\stm32f10x_dma.c                  0x00000000   Number         0  stm32f10x_dma.o ABSOLUTE
    Library\stm32f10x_exti.c                 0x00000000   Number         0  stm32f10x_exti.o ABSOLUTE
    Library\stm32f10x_flash.c                0x00000000   Number         0  stm32f10x_flash.o ABSOLUTE
    Library\stm32f10x_fsmc.c                 0x00000000   Number         0  stm32f10x_fsmc.o ABSOLUTE
    Library\stm32f10x_gpio.c                 0x00000000   Number         0  stm32f10x_gpio.o ABSOLUTE
    Library\stm32f10x_i2c.c                  0x00000000   Number         0  stm32f10x_i2c.o ABSOLUTE
    Library\stm32f10x_iwdg.c                 0x00000000   Number         0  stm32f10x_iwdg.o ABSOLUTE
    Library\stm32f10x_pwr.c                  0x00000000   Number         0  stm32f10x_pwr.o ABSOLUTE
    Library\stm32f10x_rcc.c                  0x00000000   Number         0  stm32f10x_rcc.o ABSOLUTE
    Library\stm32f10x_rtc.c                  0x00000000   Number         0  stm32f10x_rtc.o ABSOLUTE
    Library\stm32f10x_sdio.c                 0x00000000   Number         0  stm32f10x_sdio.o ABSOLUTE
    Library\stm32f10x_spi.c                  0x00000000   Number         0  stm32f10x_spi.o ABSOLUTE
    Library\stm32f10x_tim.c                  0x00000000   Number         0  stm32f10x_tim.o ABSOLUTE
    Library\stm32f10x_usart.c                0x00000000   Number         0  stm32f10x_usart.o ABSOLUTE
    Library\stm32f10x_wwdg.c                 0x00000000   Number         0  stm32f10x_wwdg.o ABSOLUTE
    Start\\core_cm3.c                        0x00000000   Number         0  core_cm3.o ABSOLUTE
    Start\core_cm3.c                         0x00000000   Number         0  core_cm3.o ABSOLUTE
    Start\startup_stm32f10x_md.s             0x00000000   Number         0  startup_stm32f10x_md.o ABSOLUTE
    Start\system_stm32f10x.c                 0x00000000   Number         0  system_stm32f10x.o ABSOLUTE
    System\Delay.c                           0x00000000   Number         0  delay.o ABSOLUTE
    System\malloc.c                          0x00000000   Number         0  malloc.o ABSOLUTE
    User\main.c                              0x00000000   Number         0  main.o ABSOLUTE
    User\stm32f10x_it.c                      0x00000000   Number         0  stm32f10x_it.o ABSOLUTE
    cdrcmple.s                               0x00000000   Number         0  cdrcmple.o ABSOLUTE
    dc.s                                     0x00000000   Number         0  dc.o ABSOLUTE
    handlers.s                               0x00000000   Number         0  handlers.o ABSOLUTE
    init.s                                   0x00000000   Number         0  init.o ABSOLUTE
    RESET                                    0x08000000   Section      236  startup_stm32f10x_md.o(RESET)
    .ARM.Collect$$$$00000000                 0x080000ec   Section        0  entry.o(.ARM.Collect$$$$00000000)
    .ARM.Collect$$$$00000001                 0x080000ec   Section        4  entry2.o(.ARM.Collect$$$$00000001)
    .ARM.Collect$$$$00000004                 0x080000f0   Section        4  entry5.o(.ARM.Collect$$$$00000004)
    .ARM.Collect$$$$00000008                 0x080000f4   Section        0  entry7b.o(.ARM.Collect$$$$00000008)
    .ARM.Collect$$$$0000000A                 0x080000f4   Section        0  entry8b.o(.ARM.Collect$$$$0000000A)
    .ARM.Collect$$$$0000000B                 0x080000f4   Section        8  entry9a.o(.ARM.Collect$$$$0000000B)
    .ARM.Collect$$$$0000000E                 0x080000fc   Section        4  entry12b.o(.ARM.Collect$$$$0000000E)
    .ARM.Collect$$$$0000000F                 0x08000100   Section        0  entry10a.o(.ARM.Collect$$$$0000000F)
    .ARM.Collect$$$$00000011                 0x08000100   Section        0  entry11a.o(.ARM.Collect$$$$00000011)
    .ARM.Collect$$$$00002712                 0x08000100   Section        4  entry2.o(.ARM.Collect$$$$00002712)
    __lit__00000000                          0x08000100   Data           4  entry2.o(.ARM.Collect$$$$00002712)
    .text                                    0x08000104   Section       36  startup_stm32f10x_md.o(.text)
    .text                                    0x08000128   Section        0  fdiv.o(.text)
    .text                                    0x080001a4   Section        0  dmul.o(.text)
    .text                                    0x08000288   Section        0  ffltui.o(.text)
    .text                                    0x08000292   Section        0  f2d.o(.text)
    .text                                    0x080002b8   Section        0  d2f.o(.text)
    .text                                    0x080002f0   Section        0  uidiv.o(.text)
    .text                                    0x0800031c   Section        0  uldiv.o(.text)
    .text                                    0x0800037e   Section        0  iusefp.o(.text)
    .text                                    0x0800037e   Section        0  fepilogue.o(.text)
    .text                                    0x080003ec   Section        0  depilogue.o(.text)
    .text                                    0x080004a6   Section        0  dadd.o(.text)
    .text                                    0x080005f4   Section        0  ddiv.o(.text)
    .text                                    0x080006d2   Section        0  dfixul.o(.text)
    .text                                    0x08000704   Section       48  cdrcmple.o(.text)
    .text                                    0x08000734   Section       36  init.o(.text)
    .text                                    0x08000758   Section        0  llshl.o(.text)
    .text                                    0x08000776   Section        0  llushr.o(.text)
    .text                                    0x08000796   Section        0  llsshr.o(.text)
    i.ADC_Cmd                                0x080007ba   Section        0  stm32f10x_adc.o(i.ADC_Cmd)
    i.ADC_DMACmd                             0x080007d0   Section        0  stm32f10x_adc.o(i.ADC_DMACmd)
    i.ADC_GetCalibrationStatus               0x080007e6   Section        0  stm32f10x_adc.o(i.ADC_GetCalibrationStatus)
    i.ADC_GetResetCalibrationStatus          0x080007fa   Section        0  stm32f10x_adc.o(i.ADC_GetResetCalibrationStatus)
    i.ADC_Init                               0x08000810   Section        0  stm32f10x_adc.o(i.ADC_Init)
    i.ADC_RegularChannelConfig               0x08000860   Section        0  stm32f10x_adc.o(i.ADC_RegularChannelConfig)
    i.ADC_ResetCalibration                   0x08000918   Section        0  stm32f10x_adc.o(i.ADC_ResetCalibration)
    i.ADC_SoftwareStartConvCmd               0x08000922   Section        0  stm32f10x_adc.o(i.ADC_SoftwareStartConvCmd)
    i.ADC_StartCalibration                   0x08000938   Section        0  stm32f10x_adc.o(i.ADC_StartCalibration)
    i.AD_Init                                0x08000944   Section        0  ad.o(i.AD_Init)
    i.BusFault_Handler                       0x08000a40   Section        0  stm32f10x_it.o(i.BusFault_Handler)
    i.DMA_Cmd                                0x08000a44   Section        0  stm32f10x_dma.o(i.DMA_Cmd)
    i.DMA_Init                               0x08000a5c   Section        0  stm32f10x_dma.o(i.DMA_Init)
    i.DebugMon_Handler                       0x08000a98   Section        0  stm32f10x_it.o(i.DebugMon_Handler)
    i.Delay_ms                               0x08000a9a   Section        0  delay.o(i.Delay_ms)
    i.Delay_us                               0x08000ab2   Section        0  delay.o(i.Delay_us)
    i.GPIO_Init                              0x08000ae0   Section        0  stm32f10x_gpio.o(i.GPIO_Init)
    i.GPIO_ReadInputDataBit                  0x08000bf6   Section        0  stm32f10x_gpio.o(i.GPIO_ReadInputDataBit)
    i.GPIO_ReadOutputDataBit                 0x08000c08   Section        0  stm32f10x_gpio.o(i.GPIO_ReadOutputDataBit)
    i.GPIO_ResetBits                         0x08000c1a   Section        0  stm32f10x_gpio.o(i.GPIO_ResetBits)
    i.GPIO_SetBits                           0x08000c1e   Section        0  stm32f10x_gpio.o(i.GPIO_SetBits)
    i.GPIO_WriteBit                          0x08000c22   Section        0  stm32f10x_gpio.o(i.GPIO_WriteBit)
    i.HardFault_Handler                      0x08000c2c   Section        0  stm32f10x_it.o(i.HardFault_Handler)
    i.Key_GetNum                             0x08000c30   Section        0  key.o(i.Key_GetNum)
    i.Key_Init                               0x08000c8c   Section        0  key.o(i.Key_Init)
    i.LED1_Turn                              0x08000cb8   Section        0  led.o(i.LED1_Turn)
    i.LED_Init                               0x08000ce4   Section        0  led.o(i.LED_Init)
    i.MemManage_Handler                      0x08000d18   Section        0  stm32f10x_it.o(i.MemManage_Handler)
    i.NMI_Handler                            0x08000d1c   Section        0  stm32f10x_it.o(i.NMI_Handler)
    i.NVIC_Init                              0x08000d20   Section        0  misc.o(i.NVIC_Init)
    i.NVIC_PriorityGroupConfig               0x08000d90   Section        0  misc.o(i.NVIC_PriorityGroupConfig)
    i.OLED_Clear                             0x08000da4   Section        0  oled.o(i.OLED_Clear)
    i.OLED_I2C_Init                          0x08000dd0   Section        0  oled.o(i.OLED_I2C_Init)
    i.OLED_I2C_SendByte                      0x08000e20   Section        0  oled.o(i.OLED_I2C_SendByte)
    i.OLED_I2C_Start                         0x08000e74   Section        0  oled.o(i.OLED_I2C_Start)
    i.OLED_I2C_Stop                          0x08000ea8   Section        0  oled.o(i.OLED_I2C_Stop)
    i.OLED_Init                              0x08000ed0   Section        0  oled.o(i.OLED_Init)
    i.OLED_SetCursor                         0x08000f7e   Section        0  oled.o(i.OLED_SetCursor)
    i.OLED_ShowChar                          0x08000fa0   Section        0  oled.o(i.OLED_ShowChar)
    i.OLED_ShowString                        0x08001014   Section        0  oled.o(i.OLED_ShowString)
    i.OLED_WriteCommand                      0x0800103c   Section        0  oled.o(i.OLED_WriteCommand)
    i.OLED_WriteData                         0x0800105c   Section        0  oled.o(i.OLED_WriteData)
    i.PendSV_Handler                         0x0800107c   Section        0  stm32f10x_it.o(i.PendSV_Handler)
    i.RCC_ADCCLKConfig                       0x08001080   Section        0  stm32f10x_rcc.o(i.RCC_ADCCLKConfig)
    i.RCC_AHBPeriphClockCmd                  0x08001098   Section        0  stm32f10x_rcc.o(i.RCC_AHBPeriphClockCmd)
    i.RCC_APB2PeriphClockCmd                 0x080010b8   Section        0  stm32f10x_rcc.o(i.RCC_APB2PeriphClockCmd)
    i.RCC_GetClocksFreq                      0x080010d8   Section        0  stm32f10x_rcc.o(i.RCC_GetClocksFreq)
    i.SD_DisSelect                           0x080011ac   Section        0  sd.o(i.SD_DisSelect)
    i.SD_GetCSD                              0x080011c0   Section        0  sd.o(i.SD_GetCSD)
    i.SD_GetResponse                         0x080011ea   Section        0  sd.o(i.SD_GetResponse)
    i.SD_GetSectorCount                      0x08001210   Section        0  sd.o(i.SD_GetSectorCount)
    i.SD_Initialize                          0x08001288   Section        0  sd.o(i.SD_Initialize)
    i.SD_ReadDisk                            0x08001410   Section        0  sd.o(i.SD_ReadDisk)
    i.SD_Read_Sectorx                        0x08001484   Section        0  main.o(i.SD_Read_Sectorx)
    i.SD_RecvData                            0x0800152c   Section        0  sd.o(i.SD_RecvData)
    i.SD_SPI_Init                            0x08001564   Section        0  sd.o(i.SD_SPI_Init)
    i.SD_SPI_ReadWriteByte                   0x080015a4   Section        0  sd.o(i.SD_SPI_ReadWriteByte)
    i.SD_SPI_SpeedHigh                       0x080015b0   Section        0  sd.o(i.SD_SPI_SpeedHigh)
    i.SD_SPI_SpeedLow                        0x080015ba   Section        0  sd.o(i.SD_SPI_SpeedLow)
    i.SD_Select                              0x080015c4   Section        0  sd.o(i.SD_Select)
    i.SD_SendBlock                           0x080015e4   Section        0  sd.o(i.SD_SendBlock)
    i.SD_SendCmd                             0x08001636   Section        0  sd.o(i.SD_SendCmd)
    i.SD_WaitReady                           0x080016ae   Section        0  sd.o(i.SD_WaitReady)
    i.SD_WriteDisk                           0x080016d0   Section        0  sd.o(i.SD_WriteDisk)
    i.SD_Write_Sectorx                       0x08001760   Section        0  main.o(i.SD_Write_Sectorx)
    i.SPI1_Init                              0x080017f4   Section        0  spi.o(i.SPI1_Init)
    i.SPI1_ReadWriteByte                     0x0800186c   Section        0  spi.o(i.SPI1_ReadWriteByte)
    i.SPI1_SetSpeed                          0x080018c0   Section        0  spi.o(i.SPI1_SetSpeed)
    i.SPI_Cmd                                0x080018e4   Section        0  stm32f10x_spi.o(i.SPI_Cmd)
    i.SPI_I2S_GetFlagStatus                  0x080018fc   Section        0  stm32f10x_spi.o(i.SPI_I2S_GetFlagStatus)
    i.SPI_I2S_ReceiveData                    0x0800190e   Section        0  stm32f10x_spi.o(i.SPI_I2S_ReceiveData)
    i.SPI_I2S_SendData                       0x08001914   Section        0  stm32f10x_spi.o(i.SPI_I2S_SendData)
    i.SPI_Init                               0x08001918   Section        0  stm32f10x_spi.o(i.SPI_Init)
    i.SVC_Handler                            0x08001954   Section        0  stm32f10x_it.o(i.SVC_Handler)
    i.Serial_Init                            0x08001958   Section        0  serial.o(i.Serial_Init)
    i.Serial_Printf                          0x08001a10   Section        0  serial.o(i.Serial_Printf)
    i.Serial_SendByte                        0x08001a34   Section        0  serial.o(i.Serial_SendByte)
    i.Serial_SendString                      0x08001a54   Section        0  serial.o(i.Serial_SendString)
    i.SetSysClock                            0x08001a6e   Section        0  system_stm32f10x.o(i.SetSysClock)
    SetSysClock                              0x08001a6f   Thumb Code     8  system_stm32f10x.o(i.SetSysClock)
    i.SetSysClockTo72                        0x08001a78   Section        0  system_stm32f10x.o(i.SetSysClockTo72)
    SetSysClockTo72                          0x08001a79   Thumb Code   214  system_stm32f10x.o(i.SetSysClockTo72)
    i.SysTick_Handler                        0x08001b58   Section        0  stm32f10x_it.o(i.SysTick_Handler)
    i.SystemInit                             0x08001b5c   Section        0  system_stm32f10x.o(i.SystemInit)
    i.USART1_IRQHandler                      0x08001bbc   Section        0  serial.o(i.USART1_IRQHandler)
    i.USART_ClearITPendingBit                0x08001c50   Section        0  stm32f10x_usart.o(i.USART_ClearITPendingBit)
    i.USART_Cmd                              0x08001c6e   Section        0  stm32f10x_usart.o(i.USART_Cmd)
    i.USART_GetFlagStatus                    0x08001c86   Section        0  stm32f10x_usart.o(i.USART_GetFlagStatus)
    i.USART_GetITStatus                      0x08001ca0   Section        0  stm32f10x_usart.o(i.USART_GetITStatus)
    i.USART_ITConfig                         0x08001cf4   Section        0  stm32f10x_usart.o(i.USART_ITConfig)
    i.USART_Init                             0x08001d40   Section        0  stm32f10x_usart.o(i.USART_Init)
    i.USART_ReceiveData                      0x08001e18   Section        0  stm32f10x_usart.o(i.USART_ReceiveData)
    i.USART_SendData                         0x08001e22   Section        0  stm32f10x_usart.o(i.USART_SendData)
    i.UsageFault_Handler                     0x08001e2a   Section        0  stm32f10x_it.o(i.UsageFault_Handler)
    i.__0vsprintf                            0x08001e30   Section        0  printfa.o(i.__0vsprintf)
    i.__scatterload_copy                     0x08001e54   Section       14  handlers.o(i.__scatterload_copy)
    i.__scatterload_null                     0x08001e62   Section        2  handlers.o(i.__scatterload_null)
    i.__scatterload_zeroinit                 0x08001e64   Section       14  handlers.o(i.__scatterload_zeroinit)
    i._fp_digits                             0x08001e74   Section        0  printfa.o(i._fp_digits)
    _fp_digits                               0x08001e75   Thumb Code   366  printfa.o(i._fp_digits)
    i._printf_core                           0x08001ff8   Section        0  printfa.o(i._printf_core)
    _printf_core                             0x08001ff9   Thumb Code  1704  printfa.o(i._printf_core)
    i._printf_post_padding                   0x080026ac   Section        0  printfa.o(i._printf_post_padding)
    _printf_post_padding                     0x080026ad   Thumb Code    36  printfa.o(i._printf_post_padding)
    i._printf_pre_padding                    0x080026d0   Section        0  printfa.o(i._printf_pre_padding)
    _printf_pre_padding                      0x080026d1   Thumb Code    46  printfa.o(i._printf_pre_padding)
    i._sputc                                 0x080026fe   Section        0  printfa.o(i._sputc)
    _sputc                                   0x080026ff   Thumb Code    10  printfa.o(i._sputc)
    i.main                                   0x08002708   Section        0  main.o(i.main)
    i.mem_free                               0x080029f0   Section        0  malloc.o(i.mem_free)
    i.mem_init                               0x08002a38   Section        0  malloc.o(i.mem_init)
    i.mem_malloc                             0x08002a64   Section        0  malloc.o(i.mem_malloc)
    i.mem_perused                            0x08002adc   Section        0  malloc.o(i.mem_perused)
    i.myfree                                 0x08002b0c   Section        0  malloc.o(i.myfree)
    i.mymalloc                               0x08002b28   Section        0  malloc.o(i.mymalloc)
    i.mymemset                               0x08002b48   Section        0  malloc.o(i.mymemset)
    .constdata                               0x08002b5c   Section     1520  oled.o(.constdata)
    .data                                    0x20000000   Section       20  stm32f10x_rcc.o(.data)
    APBAHBPrescTable                         0x20000000   Data          16  stm32f10x_rcc.o(.data)
    ADCPrescTable                            0x20000010   Data           4  stm32f10x_rcc.o(.data)
    .data                                    0x20000014   Section       20  malloc.o(.data)
    .data                                    0x20000028   Section       11  serial.o(.data)
    RxState                                  0x20000031   Data           1  serial.o(.data)
    pRxPacket                                0x20000032   Data           1  serial.o(.data)
    .data                                    0x20000034   Section        2  ad.o(.data)
    .data                                    0x20000036   Section        1  sd.o(.data)
    .data                                    0x20000038   Section       15  main.o(.data)
    .bss                                     0x20000048   Section    10880  malloc.o(.bss)
    .bss                                     0x20002ac8   Section       18  spi.o(.bss)
    STACK                                    0x20002ae0   Section     1024  startup_stm32f10x_md.o(STACK)

    Global Symbols

    Symbol Name                              Value     Ov Type        Size  Object(Section)

    BuildAttributes$$THM_ISAv4$P$D$K$B$S$PE$A:L22UL41UL21$X:L11$S22US41US21$IEEE1$IW$USESV6$~STKCKD$USESV7$~SHL$OTIME$ROPI$EBA8$MICROLIB$REQ8$PRES8$EABIv2 0x00000000   Number         0  anon$$obj.o ABSOLUTE
    __ARM_use_no_argv                        0x00000000   Number         0  main.o ABSOLUTE
    _printf_a                                0x00000000   Number         0  stubs.o ABSOLUTE
    _printf_c                                0x00000000   Number         0  stubs.o ABSOLUTE
    _printf_charcount                        0x00000000   Number         0  stubs.o ABSOLUTE
    _printf_d                                0x00000000   Number         0  stubs.o ABSOLUTE
    _printf_e                                0x00000000   Number         0  stubs.o ABSOLUTE
    _printf_f                                0x00000000   Number         0  stubs.o ABSOLUTE
    _printf_flags                            0x00000000   Number         0  stubs.o ABSOLUTE
    _printf_fp_dec                           0x00000000   Number         0  stubs.o ABSOLUTE
    _printf_fp_hex                           0x00000000   Number         0  stubs.o ABSOLUTE
    _printf_g                                0x00000000   Number         0  stubs.o ABSOLUTE
    _printf_i                                0x00000000   Number         0  stubs.o ABSOLUTE
    _printf_int_dec                          0x00000000   Number         0  stubs.o ABSOLUTE
    _printf_l                                0x00000000   Number         0  stubs.o ABSOLUTE
    _printf_lc                               0x00000000   Number         0  stubs.o ABSOLUTE
    _printf_ll                               0x00000000   Number         0  stubs.o ABSOLUTE
    _printf_lld                              0x00000000   Number         0  stubs.o ABSOLUTE
    _printf_lli                              0x00000000   Number         0  stubs.o ABSOLUTE
    _printf_llo                              0x00000000   Number         0  stubs.o ABSOLUTE
    _printf_llu                              0x00000000   Number         0  stubs.o ABSOLUTE
    _printf_llx                              0x00000000   Number         0  stubs.o ABSOLUTE
    _printf_longlong_dec                     0x00000000   Number         0  stubs.o ABSOLUTE
    _printf_longlong_hex                     0x00000000   Number         0  stubs.o ABSOLUTE
    _printf_longlong_oct                     0x00000000   Number         0  stubs.o ABSOLUTE
    _printf_ls                               0x00000000   Number         0  stubs.o ABSOLUTE
    _printf_mbtowc                           0x00000000   Number         0  stubs.o ABSOLUTE
    _printf_n                                0x00000000   Number         0  stubs.o ABSOLUTE
    _printf_o                                0x00000000   Number         0  stubs.o ABSOLUTE
    _printf_p                                0x00000000   Number         0  stubs.o ABSOLUTE
    _printf_percent                          0x00000000   Number         0  stubs.o ABSOLUTE
    _printf_pre_padding                      0x00000000   Number         0  stubs.o ABSOLUTE
    _printf_return_value                     0x00000000   Number         0  stubs.o ABSOLUTE
    _printf_s                                0x00000000   Number         0  stubs.o ABSOLUTE
    _printf_sizespec                         0x00000000   Number         0  stubs.o ABSOLUTE
    _printf_str                              0x00000000   Number         0  stubs.o ABSOLUTE
    _printf_truncate_signed                  0x00000000   Number         0  stubs.o ABSOLUTE
    _printf_truncate_unsigned                0x00000000   Number         0  stubs.o ABSOLUTE
    _printf_u                                0x00000000   Number         0  stubs.o ABSOLUTE
    _printf_wc                               0x00000000   Number         0  stubs.o ABSOLUTE
    _printf_wctomb                           0x00000000   Number         0  stubs.o ABSOLUTE
    _printf_widthprec                        0x00000000   Number         0  stubs.o ABSOLUTE
    _printf_x                                0x00000000   Number         0  stubs.o ABSOLUTE
    __arm_fini_                               - Undefined Weak Reference
    __cpp_initialize__aeabi_                  - Undefined Weak Reference
    __cxa_finalize                            - Undefined Weak Reference
    __decompress                              - Undefined Weak Reference
    _clock_init                               - Undefined Weak Reference
    _microlib_exit                            - Undefined Weak Reference
    __Vectors_Size                           0x000000ec   Number         0  startup_stm32f10x_md.o ABSOLUTE
    __Vectors                                0x08000000   Data           4  startup_stm32f10x_md.o(RESET)
    __Vectors_End                            0x080000ec   Data           0  startup_stm32f10x_md.o(RESET)
    __main                                   0x080000ed   Thumb Code     0  entry.o(.ARM.Collect$$$$00000000)
    _main_stk                                0x080000ed   Thumb Code     0  entry2.o(.ARM.Collect$$$$00000001)
    _main_scatterload                        0x080000f1   Thumb Code     0  entry5.o(.ARM.Collect$$$$00000004)
    __main_after_scatterload                 0x080000f5   Thumb Code     0  entry5.o(.ARM.Collect$$$$00000004)
    _main_clock                              0x080000f5   Thumb Code     0  entry7b.o(.ARM.Collect$$$$00000008)
    _main_cpp_init                           0x080000f5   Thumb Code     0  entry8b.o(.ARM.Collect$$$$0000000A)
    _main_init                               0x080000f5   Thumb Code     0  entry9a.o(.ARM.Collect$$$$0000000B)
    __rt_lib_shutdown_fini                   0x080000fd   Thumb Code     0  entry12b.o(.ARM.Collect$$$$0000000E)
    __rt_final_cpp                           0x08000101   Thumb Code     0  entry10a.o(.ARM.Collect$$$$0000000F)
    __rt_final_exit                          0x08000101   Thumb Code     0  entry11a.o(.ARM.Collect$$$$00000011)
    Reset_Handler                            0x08000105   Thumb Code     8  startup_stm32f10x_md.o(.text)
    ADC1_2_IRQHandler                        0x0800011f   Thumb Code     0  startup_stm32f10x_md.o(.text)
    CAN1_RX1_IRQHandler                      0x0800011f   Thumb Code     0  startup_stm32f10x_md.o(.text)
    CAN1_SCE_IRQHandler                      0x0800011f   Thumb Code     0  startup_stm32f10x_md.o(.text)
    DMA1_Channel1_IRQHandler                 0x0800011f   Thumb Code     0  startup_stm32f10x_md.o(.text)
    DMA1_Channel2_IRQHandler                 0x0800011f   Thumb Code     0  startup_stm32f10x_md.o(.text)
    DMA1_Channel3_IRQHandler                 0x0800011f   Thumb Code     0  startup_stm32f10x_md.o(.text)
    DMA1_Channel4_IRQHandler                 0x0800011f   Thumb Code     0  startup_stm32f10x_md.o(.text)
    DMA1_Channel5_IRQHandler                 0x0800011f   Thumb Code     0  startup_stm32f10x_md.o(.text)
    DMA1_Channel6_IRQHandler                 0x0800011f   Thumb Code     0  startup_stm32f10x_md.o(.text)
    DMA1_Channel7_IRQHandler                 0x0800011f   Thumb Code     0  startup_stm32f10x_md.o(.text)
    EXTI0_IRQHandler                         0x0800011f   Thumb Code     0  startup_stm32f10x_md.o(.text)
    EXTI15_10_IRQHandler                     0x0800011f   Thumb Code     0  startup_stm32f10x_md.o(.text)
    EXTI1_IRQHandler                         0x0800011f   Thumb Code     0  startup_stm32f10x_md.o(.text)
    EXTI2_IRQHandler                         0x0800011f   Thumb Code     0  startup_stm32f10x_md.o(.text)
    EXTI3_IRQHandler                         0x0800011f   Thumb Code     0  startup_stm32f10x_md.o(.text)
    EXTI4_IRQHandler                         0x0800011f   Thumb Code     0  startup_stm32f10x_md.o(.text)
    EXTI9_5_IRQHandler                       0x0800011f   Thumb Code     0  startup_stm32f10x_md.o(.text)
    FLASH_IRQHandler                         0x0800011f   Thumb Code     0  startup_stm32f10x_md.o(.text)
    I2C1_ER_IRQHandler                       0x0800011f   Thumb Code     0  startup_stm32f10x_md.o(.text)
    I2C1_EV_IRQHandler                       0x0800011f   Thumb Code     0  startup_stm32f10x_md.o(.text)
    I2C2_ER_IRQHandler                       0x0800011f   Thumb Code     0  startup_stm32f10x_md.o(.text)
    I2C2_EV_IRQHandler                       0x0800011f   Thumb Code     0  startup_stm32f10x_md.o(.text)
    PVD_IRQHandler                           0x0800011f   Thumb Code     0  startup_stm32f10x_md.o(.text)
    RCC_IRQHandler                           0x0800011f   Thumb Code     0  startup_stm32f10x_md.o(.text)
    RTCAlarm_IRQHandler                      0x0800011f   Thumb Code     0  startup_stm32f10x_md.o(.text)
    RTC_IRQHandler                           0x0800011f   Thumb Code     0  startup_stm32f10x_md.o(.text)
    SPI1_IRQHandler                          0x0800011f   Thumb Code     0  startup_stm32f10x_md.o(.text)
    SPI2_IRQHandler                          0x0800011f   Thumb Code     0  startup_stm32f10x_md.o(.text)
    TAMPER_IRQHandler                        0x0800011f   Thumb Code     0  startup_stm32f10x_md.o(.text)
    TIM1_BRK_IRQHandler                      0x0800011f   Thumb Code     0  startup_stm32f10x_md.o(.text)
    TIM1_CC_IRQHandler                       0x0800011f   Thumb Code     0  startup_stm32f10x_md.o(.text)
    TIM1_TRG_COM_IRQHandler                  0x0800011f   Thumb Code     0  startup_stm32f10x_md.o(.text)
    TIM1_UP_IRQHandler                       0x0800011f   Thumb Code     0  startup_stm32f10x_md.o(.text)
    TIM2_IRQHandler                          0x0800011f   Thumb Code     0  startup_stm32f10x_md.o(.text)
    TIM3_IRQHandler                          0x0800011f   Thumb Code     0  startup_stm32f10x_md.o(.text)
    TIM4_IRQHandler                          0x0800011f   Thumb Code     0  startup_stm32f10x_md.o(.text)
    USART2_IRQHandler                        0x0800011f   Thumb Code     0  startup_stm32f10x_md.o(.text)
    USART3_IRQHandler                        0x0800011f   Thumb Code     0  startup_stm32f10x_md.o(.text)
    USBWakeUp_IRQHandler                     0x0800011f   Thumb Code     0  startup_stm32f10x_md.o(.text)
    USB_HP_CAN1_TX_IRQHandler                0x0800011f   Thumb Code     0  startup_stm32f10x_md.o(.text)
    USB_LP_CAN1_RX0_IRQHandler               0x0800011f   Thumb Code     0  startup_stm32f10x_md.o(.text)
    WWDG_IRQHandler                          0x0800011f   Thumb Code     0  startup_stm32f10x_md.o(.text)
    __aeabi_fdiv                             0x08000129   Thumb Code   124  fdiv.o(.text)
    __aeabi_dmul                             0x080001a5   Thumb Code   228  dmul.o(.text)
    __aeabi_ui2f                             0x08000289   Thumb Code    10  ffltui.o(.text)
    __aeabi_f2d                              0x08000293   Thumb Code    38  f2d.o(.text)
    __aeabi_d2f                              0x080002b9   Thumb Code    56  d2f.o(.text)
    __aeabi_uidiv                            0x080002f1   Thumb Code     0  uidiv.o(.text)
    __aeabi_uidivmod                         0x080002f1   Thumb Code    44  uidiv.o(.text)
    __aeabi_uldivmod                         0x0800031d   Thumb Code    98  uldiv.o(.text)
    __I$use$fp                               0x0800037f   Thumb Code     0  iusefp.o(.text)
    _float_round                             0x0800037f   Thumb Code    18  fepilogue.o(.text)
    _float_epilogue                          0x08000391   Thumb Code    92  fepilogue.o(.text)
    _double_round                            0x080003ed   Thumb Code    30  depilogue.o(.text)
    _double_epilogue                         0x0800040b   Thumb Code   156  depilogue.o(.text)
    __aeabi_dadd                             0x080004a7   Thumb Code   322  dadd.o(.text)
    __aeabi_dsub                             0x080005e9   Thumb Code     6  dadd.o(.text)
    __aeabi_drsub                            0x080005ef   Thumb Code     6  dadd.o(.text)
    __aeabi_ddiv                             0x080005f5   Thumb Code   222  ddiv.o(.text)
    __aeabi_d2ulz                            0x080006d3   Thumb Code    48  dfixul.o(.text)
    __aeabi_cdrcmple                         0x08000705   Thumb Code    48  cdrcmple.o(.text)
    __scatterload                            0x08000735   Thumb Code    28  init.o(.text)
    __scatterload_rt2                        0x08000735   Thumb Code     0  init.o(.text)
    __aeabi_llsl                             0x08000759   Thumb Code    30  llshl.o(.text)
    _ll_shift_l                              0x08000759   Thumb Code     0  llshl.o(.text)
    __aeabi_llsr                             0x08000777   Thumb Code    32  llushr.o(.text)
    _ll_ushift_r                             0x08000777   Thumb Code     0  llushr.o(.text)
    __aeabi_lasr                             0x08000797   Thumb Code    36  llsshr.o(.text)
    _ll_sshift_r                             0x08000797   Thumb Code     0  llsshr.o(.text)
    ADC_Cmd                                  0x080007bb   Thumb Code    22  stm32f10x_adc.o(i.ADC_Cmd)
    ADC_DMACmd                               0x080007d1   Thumb Code    22  stm32f10x_adc.o(i.ADC_DMACmd)
    ADC_GetCalibrationStatus                 0x080007e7   Thumb Code    20  stm32f10x_adc.o(i.ADC_GetCalibrationStatus)
    ADC_GetResetCalibrationStatus            0x080007fb   Thumb Code    20  stm32f10x_adc.o(i.ADC_GetResetCalibrationStatus)
    ADC_Init                                 0x08000811   Thumb Code    70  stm32f10x_adc.o(i.ADC_Init)
    ADC_RegularChannelConfig                 0x08000861   Thumb Code   184  stm32f10x_adc.o(i.ADC_RegularChannelConfig)
    ADC_ResetCalibration                     0x08000919   Thumb Code    10  stm32f10x_adc.o(i.ADC_ResetCalibration)
    ADC_SoftwareStartConvCmd                 0x08000923   Thumb Code    22  stm32f10x_adc.o(i.ADC_SoftwareStartConvCmd)
    ADC_StartCalibration                     0x08000939   Thumb Code    10  stm32f10x_adc.o(i.ADC_StartCalibration)
    AD_Init                                  0x08000945   Thumb Code   234  ad.o(i.AD_Init)
    BusFault_Handler                         0x08000a41   Thumb Code     4  stm32f10x_it.o(i.BusFault_Handler)
    DMA_Cmd                                  0x08000a45   Thumb Code    24  stm32f10x_dma.o(i.DMA_Cmd)
    DMA_Init                                 0x08000a5d   Thumb Code    60  stm32f10x_dma.o(i.DMA_Init)
    DebugMon_Handler                         0x08000a99   Thumb Code     2  stm32f10x_it.o(i.DebugMon_Handler)
    Delay_ms                                 0x08000a9b   Thumb Code    24  delay.o(i.Delay_ms)
    Delay_us                                 0x08000ab3   Thumb Code    46  delay.o(i.Delay_us)
    GPIO_Init                                0x08000ae1   Thumb Code   278  stm32f10x_gpio.o(i.GPIO_Init)
    GPIO_ReadInputDataBit                    0x08000bf7   Thumb Code    18  stm32f10x_gpio.o(i.GPIO_ReadInputDataBit)
    GPIO_ReadOutputDataBit                   0x08000c09   Thumb Code    18  stm32f10x_gpio.o(i.GPIO_ReadOutputDataBit)
    GPIO_ResetBits                           0x08000c1b   Thumb Code     4  stm32f10x_gpio.o(i.GPIO_ResetBits)
    GPIO_SetBits                             0x08000c1f   Thumb Code     4  stm32f10x_gpio.o(i.GPIO_SetBits)
    GPIO_WriteBit                            0x08000c23   Thumb Code    10  stm32f10x_gpio.o(i.GPIO_WriteBit)
    HardFault_Handler                        0x08000c2d   Thumb Code     4  stm32f10x_it.o(i.HardFault_Handler)
    Key_GetNum                               0x08000c31   Thumb Code    88  key.o(i.Key_GetNum)
    Key_Init                                 0x08000c8d   Thumb Code    40  key.o(i.Key_Init)
    LED1_Turn                                0x08000cb9   Thumb Code    38  led.o(i.LED1_Turn)
    LED_Init                                 0x08000ce5   Thumb Code    48  led.o(i.LED_Init)
    MemManage_Handler                        0x08000d19   Thumb Code     4  stm32f10x_it.o(i.MemManage_Handler)
    NMI_Handler                              0x08000d1d   Thumb Code     2  stm32f10x_it.o(i.NMI_Handler)
    NVIC_Init                                0x08000d21   Thumb Code   100  misc.o(i.NVIC_Init)
    NVIC_PriorityGroupConfig                 0x08000d91   Thumb Code    10  misc.o(i.NVIC_PriorityGroupConfig)
    OLED_Clear                               0x08000da5   Thumb Code    42  oled.o(i.OLED_Clear)
    OLED_I2C_Init                            0x08000dd1   Thumb Code    76  oled.o(i.OLED_I2C_Init)
    OLED_I2C_SendByte                        0x08000e21   Thumb Code    80  oled.o(i.OLED_I2C_SendByte)
    OLED_I2C_Start                           0x08000e75   Thumb Code    48  oled.o(i.OLED_I2C_Start)
    OLED_I2C_Stop                            0x08000ea9   Thumb Code    36  oled.o(i.OLED_I2C_Stop)
    OLED_Init                                0x08000ed1   Thumb Code   174  oled.o(i.OLED_Init)
    OLED_SetCursor                           0x08000f7f   Thumb Code    34  oled.o(i.OLED_SetCursor)
    OLED_ShowChar                            0x08000fa1   Thumb Code   110  oled.o(i.OLED_ShowChar)
    OLED_ShowString                          0x08001015   Thumb Code    40  oled.o(i.OLED_ShowString)
    OLED_WriteCommand                        0x0800103d   Thumb Code    32  oled.o(i.OLED_WriteCommand)
    OLED_WriteData                           0x0800105d   Thumb Code    32  oled.o(i.OLED_WriteData)
    PendSV_Handler                           0x0800107d   Thumb Code     2  stm32f10x_it.o(i.PendSV_Handler)
    RCC_ADCCLKConfig                         0x08001081   Thumb Code    18  stm32f10x_rcc.o(i.RCC_ADCCLKConfig)
    RCC_AHBPeriphClockCmd                    0x08001099   Thumb Code    26  stm32f10x_rcc.o(i.RCC_AHBPeriphClockCmd)
    RCC_APB2PeriphClockCmd                   0x080010b9   Thumb Code    26  stm32f10x_rcc.o(i.RCC_APB2PeriphClockCmd)
    RCC_GetClocksFreq                        0x080010d9   Thumb Code   192  stm32f10x_rcc.o(i.RCC_GetClocksFreq)
    SD_DisSelect                             0x080011ad   Thumb Code    16  sd.o(i.SD_DisSelect)
    SD_GetCSD                                0x080011c1   Thumb Code    42  sd.o(i.SD_GetCSD)
    SD_GetResponse                           0x080011eb   Thumb Code    38  sd.o(i.SD_GetResponse)
    SD_GetSectorCount                        0x08001211   Thumb Code   118  sd.o(i.SD_GetSectorCount)
    SD_Initialize                            0x08001289   Thumb Code   386  sd.o(i.SD_Initialize)
    SD_ReadDisk                              0x08001411   Thumb Code   112  sd.o(i.SD_ReadDisk)
    SD_Read_Sectorx                          0x08001485   Thumb Code    90  main.o(i.SD_Read_Sectorx)
    SD_RecvData                              0x0800152d   Thumb Code    56  sd.o(i.SD_RecvData)
    SD_SPI_Init                              0x08001565   Thumb Code    56  sd.o(i.SD_SPI_Init)
    SD_SPI_ReadWriteByte                     0x080015a5   Thumb Code    12  sd.o(i.SD_SPI_ReadWriteByte)
    SD_SPI_SpeedHigh                         0x080015b1   Thumb Code    10  sd.o(i.SD_SPI_SpeedHigh)
    SD_SPI_SpeedLow                          0x080015bb   Thumb Code    10  sd.o(i.SD_SPI_SpeedLow)
    SD_Select                                0x080015c5   Thumb Code    26  sd.o(i.SD_Select)
    SD_SendBlock                             0x080015e5   Thumb Code    82  sd.o(i.SD_SendBlock)
    SD_SendCmd                               0x08001637   Thumb Code   120  sd.o(i.SD_SendCmd)
    SD_WaitReady                             0x080016af   Thumb Code    34  sd.o(i.SD_WaitReady)
    SD_WriteDisk                             0x080016d1   Thumb Code   140  sd.o(i.SD_WriteDisk)
    SD_Write_Sectorx                         0x08001761   Thumb Code    84  main.o(i.SD_Write_Sectorx)
    SPI1_Init                                0x080017f5   Thumb Code   108  spi.o(i.SPI1_Init)
    SPI1_ReadWriteByte                       0x0800186d   Thumb Code    78  spi.o(i.SPI1_ReadWriteByte)
    SPI1_SetSpeed                            0x080018c1   Thumb Code    26  spi.o(i.SPI1_SetSpeed)
    SPI_Cmd                                  0x080018e5   Thumb Code    24  stm32f10x_spi.o(i.SPI_Cmd)
    SPI_I2S_GetFlagStatus                    0x080018fd   Thumb Code    18  stm32f10x_spi.o(i.SPI_I2S_GetFlagStatus)
    SPI_I2S_ReceiveData                      0x0800190f   Thumb Code     6  stm32f10x_spi.o(i.SPI_I2S_ReceiveData)
    SPI_I2S_SendData                         0x08001915   Thumb Code     4  stm32f10x_spi.o(i.SPI_I2S_SendData)
    SPI_Init                                 0x08001919   Thumb Code    60  stm32f10x_spi.o(i.SPI_Init)
    SVC_Handler                              0x08001955   Thumb Code     2  stm32f10x_it.o(i.SVC_Handler)
    Serial_Init                              0x08001959   Thumb Code   174  serial.o(i.Serial_Init)
    Serial_Printf                            0x08001a11   Thumb Code    36  serial.o(i.Serial_Printf)
    Serial_SendByte                          0x08001a35   Thumb Code    28  serial.o(i.Serial_SendByte)
    Serial_SendString                        0x08001a55   Thumb Code    26  serial.o(i.Serial_SendString)
    SysTick_Handler                          0x08001b59   Thumb Code     2  stm32f10x_it.o(i.SysTick_Handler)
    SystemInit                               0x08001b5d   Thumb Code    78  system_stm32f10x.o(i.SystemInit)
    USART1_IRQHandler                        0x08001bbd   Thumb Code   128  serial.o(i.USART1_IRQHandler)
    USART_ClearITPendingBit                  0x08001c51   Thumb Code    30  stm32f10x_usart.o(i.USART_ClearITPendingBit)
    USART_Cmd                                0x08001c6f   Thumb Code    24  stm32f10x_usart.o(i.USART_Cmd)
    USART_GetFlagStatus                      0x08001c87   Thumb Code    26  stm32f10x_usart.o(i.USART_GetFlagStatus)
    USART_GetITStatus                        0x08001ca1   Thumb Code    84  stm32f10x_usart.o(i.USART_GetITStatus)
    USART_ITConfig                           0x08001cf5   Thumb Code    74  stm32f10x_usart.o(i.USART_ITConfig)
    USART_Init                               0x08001d41   Thumb Code   210  stm32f10x_usart.o(i.USART_Init)
    USART_ReceiveData                        0x08001e19   Thumb Code    10  stm32f10x_usart.o(i.USART_ReceiveData)
    USART_SendData                           0x08001e23   Thumb Code     8  stm32f10x_usart.o(i.USART_SendData)
    UsageFault_Handler                       0x08001e2b   Thumb Code     4  stm32f10x_it.o(i.UsageFault_Handler)
    __0vsprintf                              0x08001e31   Thumb Code    30  printfa.o(i.__0vsprintf)
    __1vsprintf                              0x08001e31   Thumb Code     0  printfa.o(i.__0vsprintf)
    __2vsprintf                              0x08001e31   Thumb Code     0  printfa.o(i.__0vsprintf)
    __c89vsprintf                            0x08001e31   Thumb Code     0  printfa.o(i.__0vsprintf)
    vsprintf                                 0x08001e31   Thumb Code     0  printfa.o(i.__0vsprintf)
    __scatterload_copy                       0x08001e55   Thumb Code    14  handlers.o(i.__scatterload_copy)
    __scatterload_null                       0x08001e63   Thumb Code     2  handlers.o(i.__scatterload_null)
    __scatterload_zeroinit                   0x08001e65   Thumb Code    14  handlers.o(i.__scatterload_zeroinit)
    main                                     0x08002709   Thumb Code   570  main.o(i.main)
    mem_free                                 0x080029f1   Thumb Code    66  malloc.o(i.mem_free)
    mem_init                                 0x08002a39   Thumb Code    38  malloc.o(i.mem_init)
    mem_malloc                               0x08002a65   Thumb Code   116  malloc.o(i.mem_malloc)
    mem_perused                              0x08002add   Thumb Code    42  malloc.o(i.mem_perused)
    myfree                                   0x08002b0d   Thumb Code    24  malloc.o(i.myfree)
    mymalloc                                 0x08002b29   Thumb Code    28  malloc.o(i.mymalloc)
    mymemset                                 0x08002b49   Thumb Code    20  malloc.o(i.mymemset)
    OLED_F8x16                               0x08002b5c   Data        1520  oled.o(.constdata)
    Region$$Table$$Base                      0x0800314c   Number         0  anon$$obj.o(Region$$Table)
    Region$$Table$$Limit                     0x0800316c   Number         0  anon$$obj.o(Region$$Table)
    mallco_dev                               0x20000014   Data          20  malloc.o(.data)
    Serial_TxPacket                          0x20000028   Data           4  serial.o(.data)
    Serial_RxPacket                          0x2000002c   Data           4  serial.o(.data)
    Serial_RxFlag                            0x20000030   Data           1  serial.o(.data)
    ADC_ConvertedValue                       0x20000034   Data           2  ad.o(.data)
    SD_Type                                  0x20000036   Data           1  sd.o(.data)
    ADValue                                  0x20000038   Data           2  main.o(.data)
    Voltage                                  0x2000003c   Data           4  main.o(.data)
    i                                        0x20000040   Data           1  main.o(.data)
    sd_buf                                   0x20000041   Data           6  main.o(.data)
    membase                                  0x20000048   Data       10240  malloc.o(.bss)
    memmapbase                               0x20002848   Data         640  malloc.o(.bss)
    SPI_InitStructure                        0x20002ac8   Data          18  spi.o(.bss)
    __initial_sp                             0x20002ee0   Data           0  startup_stm32f10x_md.o(STACK)



==============================================================================

Memory Map of the image

  Image Entry point : 0x080000ed

  Load Region LR_IROM1 (Base: 0x08000000, Size: 0x000031b4, Max: 0x00010000, ABSOLUTE)

    Execution Region ER_IROM1 (Exec base: 0x08000000, Load base: 0x08000000, Size: 0x0000316c, Max: 0x00010000, ABSOLUTE)

    Exec Addr    Load Addr    Size         Type   Attr      Idx    E Section Name        Object

    0x08000000   0x08000000   0x000000ec   Data   RO            3    RESET               startup_stm32f10x_md.o
    0x080000ec   0x080000ec   0x00000000   Code   RO         4610  * .ARM.Collect$$$$00000000  mc_w.l(entry.o)
    0x080000ec   0x080000ec   0x00000004   Code   RO         4888    .ARM.Collect$$$$00000001  mc_w.l(entry2.o)
    0x080000f0   0x080000f0   0x00000004   Code   RO         4891    .ARM.Collect$$$$00000004  mc_w.l(entry5.o)
    0x080000f4   0x080000f4   0x00000000   Code   RO         4893    .ARM.Collect$$$$00000008  mc_w.l(entry7b.o)
    0x080000f4   0x080000f4   0x00000000   Code   RO         4895    .ARM.Collect$$$$0000000A  mc_w.l(entry8b.o)
    0x080000f4   0x080000f4   0x00000008   Code   RO         4896    .ARM.Collect$$$$0000000B  mc_w.l(entry9a.o)
    0x080000fc   0x080000fc   0x00000004   Code   RO         4903    .ARM.Collect$$$$0000000E  mc_w.l(entry12b.o)
    0x08000100   0x08000100   0x00000000   Code   RO         4898    .ARM.Collect$$$$0000000F  mc_w.l(entry10a.o)
    0x08000100   0x08000100   0x00000000   Code   RO         4900    .ARM.Collect$$$$00000011  mc_w.l(entry11a.o)
    0x08000100   0x08000100   0x00000004   Code   RO         4889    .ARM.Collect$$$$00002712  mc_w.l(entry2.o)
    0x08000104   0x08000104   0x00000024   Code   RO            4    .text               startup_stm32f10x_md.o
    0x08000128   0x08000128   0x0000007c   Code   RO         4878    .text               mf_w.l(fdiv.o)
    0x080001a4   0x080001a4   0x000000e4   Code   RO         4880    .text               mf_w.l(dmul.o)
    0x08000288   0x08000288   0x0000000a   Code   RO         4882    .text               mf_w.l(ffltui.o)
    0x08000292   0x08000292   0x00000026   Code   RO         4884    .text               mf_w.l(f2d.o)
    0x080002b8   0x080002b8   0x00000038   Code   RO         4886    .text               mf_w.l(d2f.o)
    0x080002f0   0x080002f0   0x0000002c   Code   RO         4905    .text               mc_w.l(uidiv.o)
    0x0800031c   0x0800031c   0x00000062   Code   RO         4907    .text               mc_w.l(uldiv.o)
    0x0800037e   0x0800037e   0x00000000   Code   RO         4909    .text               mc_w.l(iusefp.o)
    0x0800037e   0x0800037e   0x0000006e   Code   RO         4910    .text               mf_w.l(fepilogue.o)
    0x080003ec   0x080003ec   0x000000ba   Code   RO         4912    .text               mf_w.l(depilogue.o)
    0x080004a6   0x080004a6   0x0000014e   Code   RO         4914    .text               mf_w.l(dadd.o)
    0x080005f4   0x080005f4   0x000000de   Code   RO         4916    .text               mf_w.l(ddiv.o)
    0x080006d2   0x080006d2   0x00000030   Code   RO         4918    .text               mf_w.l(dfixul.o)
    0x08000702   0x08000702   0x00000002   PAD
    0x08000704   0x08000704   0x00000030   Code   RO         4920    .text               mf_w.l(cdrcmple.o)
    0x08000734   0x08000734   0x00000024   Code   RO         4922    .text               mc_w.l(init.o)
    0x08000758   0x08000758   0x0000001e   Code   RO         4924    .text               mc_w.l(llshl.o)
    0x08000776   0x08000776   0x00000020   Code   RO         4926    .text               mc_w.l(llushr.o)
    0x08000796   0x08000796   0x00000024   Code   RO         4928    .text               mc_w.l(llsshr.o)
    0x080007ba   0x080007ba   0x00000016   Code   RO          202    i.ADC_Cmd           stm32f10x_adc.o
    0x080007d0   0x080007d0   0x00000016   Code   RO          203    i.ADC_DMACmd        stm32f10x_adc.o
    0x080007e6   0x080007e6   0x00000014   Code   RO          210    i.ADC_GetCalibrationStatus  stm32f10x_adc.o
    0x080007fa   0x080007fa   0x00000014   Code   RO          216    i.ADC_GetResetCalibrationStatus  stm32f10x_adc.o
    0x0800080e   0x0800080e   0x00000002   PAD
    0x08000810   0x08000810   0x00000050   Code   RO          220    i.ADC_Init          stm32f10x_adc.o
    0x08000860   0x08000860   0x000000b8   Code   RO          224    i.ADC_RegularChannelConfig  stm32f10x_adc.o
    0x08000918   0x08000918   0x0000000a   Code   RO          225    i.ADC_ResetCalibration  stm32f10x_adc.o
    0x08000922   0x08000922   0x00000016   Code   RO          227    i.ADC_SoftwareStartConvCmd  stm32f10x_adc.o
    0x08000938   0x08000938   0x0000000a   Code   RO          229    i.ADC_StartCalibration  stm32f10x_adc.o
    0x08000942   0x08000942   0x00000002   PAD
    0x08000944   0x08000944   0x000000fc   Code   RO         3532    i.AD_Init           ad.o
    0x08000a40   0x08000a40   0x00000004   Code   RO         3905    i.BusFault_Handler  stm32f10x_it.o
    0x08000a44   0x08000a44   0x00000018   Code   RO          911    i.DMA_Cmd           stm32f10x_dma.o
    0x08000a5c   0x08000a5c   0x0000003c   Code   RO          917    i.DMA_Init          stm32f10x_dma.o
    0x08000a98   0x08000a98   0x00000002   Code   RO         3906    i.DebugMon_Handler  stm32f10x_it.o
    0x08000a9a   0x08000a9a   0x00000018   Code   RO         3196    i.Delay_ms          delay.o
    0x08000ab2   0x08000ab2   0x0000002e   Code   RO         3198    i.Delay_us          delay.o
    0x08000ae0   0x08000ae0   0x00000116   Code   RO         1347    i.GPIO_Init         stm32f10x_gpio.o
    0x08000bf6   0x08000bf6   0x00000012   Code   RO         1351    i.GPIO_ReadInputDataBit  stm32f10x_gpio.o
    0x08000c08   0x08000c08   0x00000012   Code   RO         1353    i.GPIO_ReadOutputDataBit  stm32f10x_gpio.o
    0x08000c1a   0x08000c1a   0x00000004   Code   RO         1354    i.GPIO_ResetBits    stm32f10x_gpio.o
    0x08000c1e   0x08000c1e   0x00000004   Code   RO         1355    i.GPIO_SetBits      stm32f10x_gpio.o
    0x08000c22   0x08000c22   0x0000000a   Code   RO         1358    i.GPIO_WriteBit     stm32f10x_gpio.o
    0x08000c2c   0x08000c2c   0x00000004   Code   RO         3907    i.HardFault_Handler  stm32f10x_it.o
    0x08000c30   0x08000c30   0x0000005c   Code   RO         3318    i.Key_GetNum        key.o
    0x08000c8c   0x08000c8c   0x0000002c   Code   RO         3319    i.Key_Init          key.o
    0x08000cb8   0x08000cb8   0x0000002c   Code   RO         3290    i.LED1_Turn         led.o
    0x08000ce4   0x08000ce4   0x00000034   Code   RO         3291    i.LED_Init          led.o
    0x08000d18   0x08000d18   0x00000004   Code   RO         3908    i.MemManage_Handler  stm32f10x_it.o
    0x08000d1c   0x08000d1c   0x00000002   Code   RO         3909    i.NMI_Handler       stm32f10x_it.o
    0x08000d1e   0x08000d1e   0x00000002   PAD
    0x08000d20   0x08000d20   0x00000070   Code   RO          137    i.NVIC_Init         misc.o
    0x08000d90   0x08000d90   0x00000014   Code   RO          138    i.NVIC_PriorityGroupConfig  misc.o
    0x08000da4   0x08000da4   0x0000002a   Code   RO         3342    i.OLED_Clear        oled.o
    0x08000dce   0x08000dce   0x00000002   PAD
    0x08000dd0   0x08000dd0   0x00000050   Code   RO         3343    i.OLED_I2C_Init     oled.o
    0x08000e20   0x08000e20   0x00000054   Code   RO         3344    i.OLED_I2C_SendByte  oled.o
    0x08000e74   0x08000e74   0x00000034   Code   RO         3345    i.OLED_I2C_Start    oled.o
    0x08000ea8   0x08000ea8   0x00000028   Code   RO         3346    i.OLED_I2C_Stop     oled.o
    0x08000ed0   0x08000ed0   0x000000ae   Code   RO         3347    i.OLED_Init         oled.o
    0x08000f7e   0x08000f7e   0x00000022   Code   RO         3349    i.OLED_SetCursor    oled.o
    0x08000fa0   0x08000fa0   0x00000074   Code   RO         3351    i.OLED_ShowChar     oled.o
    0x08001014   0x08001014   0x00000028   Code   RO         3355    i.OLED_ShowString   oled.o
    0x0800103c   0x0800103c   0x00000020   Code   RO         3356    i.OLED_WriteCommand  oled.o
    0x0800105c   0x0800105c   0x00000020   Code   RO         3357    i.OLED_WriteData    oled.o
    0x0800107c   0x0800107c   0x00000002   Code   RO         3910    i.PendSV_Handler    stm32f10x_it.o
    0x0800107e   0x0800107e   0x00000002   PAD
    0x08001080   0x08001080   0x00000018   Code   RO         1773    i.RCC_ADCCLKConfig  stm32f10x_rcc.o
    0x08001098   0x08001098   0x00000020   Code   RO         1774    i.RCC_AHBPeriphClockCmd  stm32f10x_rcc.o
    0x080010b8   0x080010b8   0x00000020   Code   RO         1777    i.RCC_APB2PeriphClockCmd  stm32f10x_rcc.o
    0x080010d8   0x080010d8   0x000000d4   Code   RO         1785    i.RCC_GetClocksFreq  stm32f10x_rcc.o
    0x080011ac   0x080011ac   0x00000014   Code   RO         3547    i.SD_DisSelect      sd.o
    0x080011c0   0x080011c0   0x0000002a   Code   RO         3549    i.SD_GetCSD         sd.o
    0x080011ea   0x080011ea   0x00000026   Code   RO         3550    i.SD_GetResponse    sd.o
    0x08001210   0x08001210   0x00000076   Code   RO         3551    i.SD_GetSectorCount  sd.o
    0x08001286   0x08001286   0x00000002   PAD
    0x08001288   0x08001288   0x00000188   Code   RO         3552    i.SD_Initialize     sd.o
    0x08001410   0x08001410   0x00000074   Code   RO         3553    i.SD_ReadDisk       sd.o
    0x08001484   0x08001484   0x000000a8   Code   RO         3833    i.SD_Read_Sectorx   main.o
    0x0800152c   0x0800152c   0x00000038   Code   RO         3554    i.SD_RecvData       sd.o
    0x08001564   0x08001564   0x00000040   Code   RO         3555    i.SD_SPI_Init       sd.o
    0x080015a4   0x080015a4   0x0000000c   Code   RO         3556    i.SD_SPI_ReadWriteByte  sd.o
    0x080015b0   0x080015b0   0x0000000a   Code   RO         3557    i.SD_SPI_SpeedHigh  sd.o
    0x080015ba   0x080015ba   0x0000000a   Code   RO         3558    i.SD_SPI_SpeedLow   sd.o
    0x080015c4   0x080015c4   0x00000020   Code   RO         3559    i.SD_Select         sd.o
    0x080015e4   0x080015e4   0x00000052   Code   RO         3560    i.SD_SendBlock      sd.o
    0x08001636   0x08001636   0x00000078   Code   RO         3561    i.SD_SendCmd        sd.o
    0x080016ae   0x080016ae   0x00000022   Code   RO         3562    i.SD_WaitReady      sd.o
    0x080016d0   0x080016d0   0x00000090   Code   RO         3563    i.SD_WriteDisk      sd.o
    0x08001760   0x08001760   0x00000094   Code   RO         3834    i.SD_Write_Sectorx  main.o
    0x080017f4   0x080017f4   0x00000078   Code   RO         3675    i.SPI1_Init         spi.o
    0x0800186c   0x0800186c   0x00000054   Code   RO         3676    i.SPI1_ReadWriteByte  spi.o
    0x080018c0   0x080018c0   0x00000024   Code   RO         3677    i.SPI1_SetSpeed     spi.o
    0x080018e4   0x080018e4   0x00000018   Code   RO         2263    i.SPI_Cmd           stm32f10x_spi.o
    0x080018fc   0x080018fc   0x00000012   Code   RO         2271    i.SPI_I2S_GetFlagStatus  stm32f10x_spi.o
    0x0800190e   0x0800190e   0x00000006   Code   RO         2274    i.SPI_I2S_ReceiveData  stm32f10x_spi.o
    0x08001914   0x08001914   0x00000004   Code   RO         2275    i.SPI_I2S_SendData  stm32f10x_spi.o
    0x08001918   0x08001918   0x0000003c   Code   RO         2276    i.SPI_Init          stm32f10x_spi.o
    0x08001954   0x08001954   0x00000002   Code   RO         3911    i.SVC_Handler       stm32f10x_it.o
    0x08001956   0x08001956   0x00000002   PAD
    0x08001958   0x08001958   0x000000b8   Code   RO         3451    i.Serial_Init       serial.o
    0x08001a10   0x08001a10   0x00000024   Code   RO         3453    i.Serial_Printf     serial.o
    0x08001a34   0x08001a34   0x00000020   Code   RO         3455    i.Serial_SendByte   serial.o
    0x08001a54   0x08001a54   0x0000001a   Code   RO         3458    i.Serial_SendString  serial.o
    0x08001a6e   0x08001a6e   0x00000008   Code   RO           24    i.SetSysClock       system_stm32f10x.o
    0x08001a76   0x08001a76   0x00000002   PAD
    0x08001a78   0x08001a78   0x000000e0   Code   RO           25    i.SetSysClockTo72   system_stm32f10x.o
    0x08001b58   0x08001b58   0x00000002   Code   RO         3912    i.SysTick_Handler   stm32f10x_it.o
    0x08001b5a   0x08001b5a   0x00000002   PAD
    0x08001b5c   0x08001b5c   0x00000060   Code   RO           27    i.SystemInit        system_stm32f10x.o
    0x08001bbc   0x08001bbc   0x00000094   Code   RO         3459    i.USART1_IRQHandler  serial.o
    0x08001c50   0x08001c50   0x0000001e   Code   RO         2957    i.USART_ClearITPendingBit  stm32f10x_usart.o
    0x08001c6e   0x08001c6e   0x00000018   Code   RO         2960    i.USART_Cmd         stm32f10x_usart.o
    0x08001c86   0x08001c86   0x0000001a   Code   RO         2963    i.USART_GetFlagStatus  stm32f10x_usart.o
    0x08001ca0   0x08001ca0   0x00000054   Code   RO         2964    i.USART_GetITStatus  stm32f10x_usart.o
    0x08001cf4   0x08001cf4   0x0000004a   Code   RO         2966    i.USART_ITConfig    stm32f10x_usart.o
    0x08001d3e   0x08001d3e   0x00000002   PAD
    0x08001d40   0x08001d40   0x000000d8   Code   RO         2967    i.USART_Init        stm32f10x_usart.o
    0x08001e18   0x08001e18   0x0000000a   Code   RO         2974    i.USART_ReceiveData  stm32f10x_usart.o
    0x08001e22   0x08001e22   0x00000008   Code   RO         2977    i.USART_SendData    stm32f10x_usart.o
    0x08001e2a   0x08001e2a   0x00000004   Code   RO         3913    i.UsageFault_Handler  stm32f10x_it.o
    0x08001e2e   0x08001e2e   0x00000002   PAD
    0x08001e30   0x08001e30   0x00000024   Code   RO         4856    i.__0vsprintf       mc_w.l(printfa.o)
    0x08001e54   0x08001e54   0x0000000e   Code   RO         4932    i.__scatterload_copy  mc_w.l(handlers.o)
    0x08001e62   0x08001e62   0x00000002   Code   RO         4933    i.__scatterload_null  mc_w.l(handlers.o)
    0x08001e64   0x08001e64   0x0000000e   Code   RO         4934    i.__scatterload_zeroinit  mc_w.l(handlers.o)
    0x08001e72   0x08001e72   0x00000002   PAD
    0x08001e74   0x08001e74   0x00000184   Code   RO         4857    i._fp_digits        mc_w.l(printfa.o)
    0x08001ff8   0x08001ff8   0x000006b4   Code   RO         4858    i._printf_core      mc_w.l(printfa.o)
    0x080026ac   0x080026ac   0x00000024   Code   RO         4859    i._printf_post_padding  mc_w.l(printfa.o)
    0x080026d0   0x080026d0   0x0000002e   Code   RO         4860    i._printf_pre_padding  mc_w.l(printfa.o)
    0x080026fe   0x080026fe   0x0000000a   Code   RO         4862    i._sputc            mc_w.l(printfa.o)
    0x08002708   0x08002708   0x000002e8   Code   RO         3835    i.main              main.o
    0x080029f0   0x080029f0   0x00000048   Code   RO         3220    i.mem_free          malloc.o
    0x08002a38   0x08002a38   0x0000002c   Code   RO         3221    i.mem_init          malloc.o
    0x08002a64   0x08002a64   0x00000078   Code   RO         3222    i.mem_malloc        malloc.o
    0x08002adc   0x08002adc   0x00000030   Code   RO         3223    i.mem_perused       malloc.o
    0x08002b0c   0x08002b0c   0x0000001c   Code   RO         3224    i.myfree            malloc.o
    0x08002b28   0x08002b28   0x00000020   Code   RO         3225    i.mymalloc          malloc.o
    0x08002b48   0x08002b48   0x00000014   Code   RO         3227    i.mymemset          malloc.o
    0x08002b5c   0x08002b5c   0x000005f0   Data   RO         3358    .constdata          oled.o
    0x0800314c   0x0800314c   0x00000020   Data   RO         4930    Region$$Table       anon$$obj.o


    Execution Region RW_IRAM1 (Exec base: 0x20000000, Load base: 0x0800316c, Size: 0x00002ee0, Max: 0x00005000, ABSOLUTE)

    Exec Addr    Load Addr    Size         Type   Attr      Idx    E Section Name        Object

    0x20000000   0x0800316c   0x00000014   Data   RW         1805    .data               stm32f10x_rcc.o
    0x20000014   0x08003180   0x00000014   Data   RW         3231    .data               malloc.o
    0x20000028   0x08003194   0x0000000b   Data   RW         3461    .data               serial.o
    0x20000033   0x0800319f   0x00000001   PAD
    0x20000034   0x080031a0   0x00000002   Data   RW         3533    .data               ad.o
    0x20000036   0x080031a2   0x00000001   Data   RW         3564    .data               sd.o
    0x20000037   0x080031a3   0x00000001   PAD
    0x20000038   0x080031a4   0x0000000f   Data   RW         3836    .data               main.o
    0x20000047   0x080031b3   0x00000001   PAD
    0x20000048        -       0x00002a80   Zero   RW         3229    .bss                malloc.o
    0x20002ac8        -       0x00000012   Zero   RW         3678    .bss                spi.o
    0x20002ada   0x080031b3   0x00000006   PAD
    0x20002ae0        -       0x00000400   Zero   RW            1    STACK               startup_stm32f10x_md.o


==============================================================================

Image component sizes


      Code (inc. data)   RO Data    RW Data    ZI Data      Debug   Object Name

       252         18          0          2          0        867   ad.o
         0          0          0          0          0       4508   core_cm3.o
        70          0          0          0          0        874   delay.o
       136          8          0          0          0        924   key.o
        96         10          0          0          0        843   led.o
      1060        316          0         15          0       2615   main.o
       364         30          0         20      10880       5038   malloc.o
       132         22          0          0          0     213619   misc.o
       726         22       1520          0          0       6011   oled.o
      1290         32          0          1          0       9610   sd.o
       426         34          0         11          0       3956   serial.o
       240         28          0          0         18       1785   spi.o
        36          8        236          0       1024        792   startup_stm32f10x_md.o
       390         10          0          0          0      17401   stm32f10x_adc.o
        84          0          0          0          0      12353   stm32f10x_dma.o
       332          0          0          0          0      12721   stm32f10x_gpio.o
        26          0          0          0          0       3514   stm32f10x_it.o
       300         38          0         20          0      13308   stm32f10x_rcc.o
       112          0          0          0          0      10314   stm32f10x_spi.o
       472          6          0          0          0      12227   stm32f10x_usart.o
       328         28          0          0          0      41357   system_stm32f10x.o

    ----------------------------------------------------------------------
      6894        610       1788         72      11928     374637   Object Totals
         0          0         32          0          0          0   (incl. Generated)
        22          0          0          3          6          0   (incl. Padding)

    ----------------------------------------------------------------------

      Code (inc. data)   RO Data    RW Data    ZI Data      Debug   Library Member Name

         0          0          0          0          0          0   entry.o
         0          0          0          0          0          0   entry10a.o
         0          0          0          0          0          0   entry11a.o
         4          0          0          0          0          0   entry12b.o
         8          4          0          0          0          0   entry2.o
         4          0          0          0          0          0   entry5.o
         0          0          0          0          0          0   entry7b.o
         0          0          0          0          0          0   entry8b.o
         8          4          0          0          0          0   entry9a.o
        30          0          0          0          0          0   handlers.o
        36          8          0          0          0         68   init.o
         0          0          0          0          0          0   iusefp.o
        30          0          0          0          0         68   llshl.o
        36          0          0          0          0         68   llsshr.o
        32          0          0          0          0         68   llushr.o
      2232         86          0          0          0        528   printfa.o
        44          0          0          0          0         80   uidiv.o
        98          0          0          0          0         92   uldiv.o
        48          0          0          0          0         68   cdrcmple.o
        56          0          0          0          0         88   d2f.o
       334          0          0          0          0        148   dadd.o
       222          0          0          0          0        100   ddiv.o
       186          0          0          0          0        176   depilogue.o
        48          0          0          0          0         68   dfixul.o
       228          0          0          0          0         96   dmul.o
        38          0          0          0          0         68   f2d.o
       124          0          0          0          0         88   fdiv.o
       110          0          0          0          0        168   fepilogue.o
        10          0          0          0          0         68   ffltui.o

    ----------------------------------------------------------------------
      3970        102          0          0          0       2108   Library Totals
         4          0          0          0          0          0   (incl. Padding)

    ----------------------------------------------------------------------

      Code (inc. data)   RO Data    RW Data    ZI Data      Debug   Library Name

      2562        102          0          0          0        972   mc_w.l
      1404          0          0          0          0       1136   mf_w.l

    ----------------------------------------------------------------------
      3970        102          0          0          0       2108   Library Totals

    ----------------------------------------------------------------------

==============================================================================


      Code (inc. data)   RO Data    RW Data    ZI Data      Debug   

     10864        712       1788         72      11928     370813   Grand Totals
     10864        712       1788         72      11928     370813   ELF Image Totals
     10864        712       1788         72          0          0   ROM Totals

==============================================================================

    Total RO  Size (Code + RO Data)                12652 (  12.36kB)
    Total RW  Size (RW Data + ZI Data)             12000 (  11.72kB)
    Total ROM Size (Code + RO Data + RW Data)      12724 (  12.43kB)

==============================================================================

